Microchip MPLAB XC8 Compiler V2.31

Linker command line:

-W-3 --edf=C:\Program Files\Microchip\xc8\v2.31\pic\dat\en_msgs.txt -cn \
  -h+dist/default/production\uart.X.production.sym \
  --cmf=dist/default/production\uart.X.production.cmf -z -Q18F4550 \
  -oC:\Users\Luna\AppData\Local\Temp\si3o.2 --defsym=__MPLAB_BUILD=1 \
  -Mdist/default/production/uart.X.production.map -E1 -ver=XC8 Compiler \
  --acfsm=1493 -ASTACK=0F5h-07FFh -pstack=STACK -ACODE=00h-07FFFh \
  -ACONST=00h-07FFFh -ASMALLCONST=0800h-08FFhx120 \
  -AMEDIUMCONST=0800h-07FFFh -ACOMRAM=01h-05Fh -AABS1=00h-07FFh \
  -ABIGRAM=01h-07FFh -ARAM=060h-0FFh,0100h-01FFhx7 -ABANK0=060h-0FFh \
  -ABANK1=0100h-01FFh -ABANK2=0200h-02FFh -ABANK3=0300h-03FFh \
  -ABANK4=0400h-04FFh -ABANK5=0500h-05FFh -ABANK6=0600h-06FFh \
  -ABANK7=0700h-07FFh -ASFR=0F60h-0FFFh -ACONFIG=0300000h-030000Dh \
  -AIDLOC=0200000h-0200007h -AEEDATA=0F00000h-0F000FFh -peeprom_data=EEDATA \
  -preset_vec=00h,intcode,intcodelo,powerup,init -pramtop=0800h \
  -psmallconst=SMALLCONST -pmediumconst=MEDIUMCONST -pconst=CONST \
  -AFARRAM=00h-00h \
  -prdata=COMRAM,nvrram=COMRAM,nvbit=COMRAM,rbss=COMRAM,rbit=COMRAM \
  -pfarbss=FARRAM,fardata=FARRAM,nvFARRAM=FARRAM \
  -pintsave_regs=BIGRAM,bigbss=BIGRAM,bigdata=BIGRAM -pbss=RAM \
  -pidata=CODE,irdata=CODE,ibigdata=CODE,ifardata=CODE -prparam=COMRAM \
  C:\Users\Luna\AppData\Local\Temp\si3o.o \
  dist/default/production\uart.X.production.o 

Object code version is 3.11

Machine type is 18F4550



                Name                               Link     Load   Length Selector   Space Scale
C:\Users\Luna\AppData\Local\Temp\si3o.o
                idloc                            200000   200000        8        0       5
                config                           300000   300000        E        0       4
                init                                  0        0        4        0       0
dist/default/production\uart.X.production.o
                idloc                            200000   200000        8        0       5
                config                           300000   300000        E        0       4
                smallconst                          800      800        E      400       0
                text24                             13B4     13B4       1A      407       0
                text23                             13F6     13F6       14      407       0
                text22                             13E2     13E2       14      407       0
                text21                             141C     141C       12      407       0
                text20                             1256     1256       3A      407       0
                text19                             1392     1392       22      407       0
                text18                             1364     1364       2E      407       0
                text17                             1336     1336       2E      407       0
                text16                             13CE     13CE       14      407       0
                text15                             10AA     10AA       5A      407       0
                text14                             1156     1156       46      407       0
                text13                             11E0     11E0       3C      407       0
                text12                             12C8     12C8       38      407       0
                text11                             142E     142E        2      407       0
                text10                              E5A      E5A       CA      407       0
                text9                              119C     119C       44      407       0
                text8                              1300     1300       36      407       0
                text7                               F24      F24       C6      407       0
                text6                              1290     1290       38      407       0
                text5                              104C     104C       5E      407       0
                text4                               80E      80E      2D8      407       0
                text3                               AE6      AE6      1D0      407       0
                text2                               FEA      FEA       62      407       0
                text1                              1104     1104       52      407       0
                text0                               CB6      CB6      1A4      407       0
                cstackCOMRAM                          1        1       5F        1       1
                cstackBANK0                          60       60       46       60       1
                dataBANK0                            E3       E3       12       60       1
                bssBANK0                             A6       A6       3D       60       1
                cinit                              121C     121C       3A      407       0
                idataBANK0                         140A     140A       12      407       0

TOTAL           Name                               Link     Load   Length     Space
        CLASS   STACK          

        CLASS   CODE           
                init                                  0        0        4         0
                text24                             13B4     13B4       1A         0
                text23                             13F6     13F6       14         0
                text22                             13E2     13E2       14         0
                text21                             141C     141C       12         0
                text20                             1256     1256       3A         0
                text19                             1392     1392       22         0
                text18                             1364     1364       2E         0
                text17                             1336     1336       2E         0
                text16                             13CE     13CE       14         0
                text15                             10AA     10AA       5A         0
                text14                             1156     1156       46         0
                text13                             11E0     11E0       3C         0
                text12                             12C8     12C8       38         0
                text11                             142E     142E        2         0
                text10                              E5A      E5A       CA         0
                text9                              119C     119C       44         0
                text8                              1300     1300       36         0
                text7                               F24      F24       C6         0
                text6                              1290     1290       38         0
                text5                              104C     104C       5E         0
                text4                               80E      80E      2D8         0
                text3                               AE6      AE6      1D0         0
                text2                               FEA      FEA       62         0
                text1                              1104     1104       52         0
                text0                               CB6      CB6      1A4         0
                cinit                              121C     121C       3A         0
                idataBANK0                         140A     140A       12         0

        CLASS   CONST          

        CLASS   SMALLCONST     
                smallconst                          800      800        E         0

        CLASS   MEDIUMCONST    

        CLASS   COMRAM         
                cstackCOMRAM                          1        1       5F         1

        CLASS   ABS1           

        CLASS   BIGRAM         

        CLASS   RAM            

        CLASS   BANK0          
                cstackBANK0                          60       60       46         1
                dataBANK0                            E3       E3       12         1
                bssBANK0                             A6       A6       3D         1

        CLASS   BANK1          

        CLASS   BANK2          

        CLASS   BANK3          

        CLASS   BANK4          

        CLASS   BANK5          

        CLASS   BANK6          

        CLASS   BANK7          

        CLASS   SFR            

        CLASS   CONFIG         
                config                           300000   300000        E         4

        CLASS   IDLOC          
                idloc                            200000   200000        8         5

        CLASS   EEDATA         

        CLASS   FARRAM         



SEGMENTS        Name                           Load    Length   Top    Selector   Space  Class

                reset_vec                      000000  000004  000004         0       0  CODE    
                cstackCOMRAM                   000001  00005F  000060         1       1  COMRAM  
                cstackBANK0                    000060  000095  0000F5        60       1  BANK0   
                smallconst                     000800  00000E  00080E       400       0  SMALLCON
                text4                          00080E  000C22  001430       407       0  CODE    


UNUSED ADDRESS RANGES

        Name                Unused          Largest block    Delta
        BANK0            0000F5-0000FF                B
        BANK1            000100-0001FF              100
        BANK2            000200-0002FF              100
        BANK3            000300-0003FF              100
        BANK4            000400-0004FF              100
        BANK5            000500-0005FF              100
        BANK6            000600-0006FF              100
        BANK7            000700-0007FF              100
        BIGRAM           0000F5-0007FF              70B
        CODE             000004-0007FF              7FC
                         001430-007FFF             6BD0
        CONST            000004-0007FF              7FC
                         001430-007FFF             6BD0
        EEDATA           F00000-F000FF              100
        MEDIUMCONST      001430-007FFF             6BD0
        RAM              0000F5-0007FF              100
        SFR              000F60-000FFF               A0
        SMALLCONST       001430-007FFF              100
        STACK            0000F5-0007FF              70B

                                  Symbol Table

?_isalpha                               cstackCOMRAM 000001
?_islower                               cstackCOMRAM 000001
?_isupper                               cstackCOMRAM 000001
?_pad                                   cstackCOMRAM 000011
?_sprintf                               cstackBANK0  000060
?_strlen                                cstackCOMRAM 000001
?_toupper                               cstackCOMRAM 000007
?_vfpfcnvrt                             cstackCOMRAM 000043
?_vfprintf                              cstackCOMRAM 000056
?_xtoa                                  cstackCOMRAM 00001C
I2C_Read@buffer                         cstackCOMRAM 000002
I2C_Read@flag                           cstackCOMRAM 000001
I2C_Repeated_Start@slave_read_address   cstackCOMRAM 000002
I2C_Start@slave_write_address           cstackCOMRAM 000002
I2C_Write@data                          cstackCOMRAM 000001
RTC_Read_Calendar@read_calendar_address cstackCOMRAM 000004
RTC_Read_Clock@read_clock_address       cstackCOMRAM 000004
_ACKDT                                  (abs)        007E2D
_ACKEN                                  (abs)        007E2C
_ACKSTAT                                (abs)        007E2E
_ADCON0bits                             (abs)        000FC2
_ADCON1bits                             (abs)        000FC1
_ADCON2bits                             (abs)        000FC0
_BAUDCONbits                            (abs)        000FB8
_Date                                   bssBANK0     0000B6
_Day                                    bssBANK0     0000B8
_I2C_Ack                                text23       0013F6
_I2C_Init                               text24       0013B4
_I2C_Nack                               text22       0013E2
_I2C_Read                               text20       001256
_I2C_Ready                              text21       00141C
_I2C_Repeated_Start                     text18       001364
_I2C_Start                              text17       001336
_I2C_Stop                               text16       0013CE
_I2C_Write                              text19       001392
_Month                                  bssBANK0     0000B4
_OSCCONbits                             (abs)        000FD3
_PEN                                    (abs)        007E2A
_PORTAbits                              (abs)        000F80
_RCEN                                   (abs)        007E2B
_RCSTAbits                              (abs)        000FAB
_RSEN                                   (abs)        007E29
_RTC_Read_Calendar                      text15       0010AA
_RTC_Read_Clock                         text14       001156
_SPBRG                                  (abs)        000FAF
_SSPADD                                 (abs)        000FC8
_SSPBUF                                 (abs)        000FC9
_SSPCON1                                (abs)        000FC6
_SSPCON2                                (abs)        000FC5
_SSPCON2bits                            (abs)        000FC5
_SSPIE                                  (abs)        007CEB
_SSPIF                                  (abs)        007CF3
_SSPSTAT                                (abs)        000FC7
_SSPSTATbits                            (abs)        000FC7
_TRISAbits                              (abs)        000F92
_TRISB0                                 (abs)        007C98
_TRISB1                                 (abs)        007C99
_TRISBbits                              (abs)        000F93
_TRISCbits                              (abs)        000F94
_TXREG                                  (abs)        000FAD
_TXSTAbits                              (abs)        000FAC
_Year                                   bssBANK0     0000B2
__HRAM                                  (abs)        000000
__Habs1                                 abs1         000000
__Hbank0                                bank0        000000
__Hbank1                                bank1        000000
__Hbank2                                bank2        000000
__Hbank3                                bank3        000000
__Hbank4                                bank4        000000
__Hbank5                                bank5        000000
__Hbank6                                bank6        000000
__Hbank7                                bank7        000000
__Hbigbss                               bigbss       000000
__Hbigdata                              bigdata      000000
__Hbigram                               bigram       000000
__Hbss                                  bss          000000
__HbssBANK0                             bssBANK0     000000
__Hcinit                                cinit        000000
__Hclrtext                              clrtext      000000
__Hcomram                               comram       000000
__Hconfig                               config       30000E
__Hconst                                const        000000
__HcstackBANK0                          cstackBANK0  000000
__HcstackCOMRAM                         cstackCOMRAM 000000
__Hdata                                 data         000000
__HdataBANK0                            dataBANK0    000000
__Heeprom_data                          eeprom_data  000000
__Hfarbss                               farbss       000000
__Hfardata                              fardata      000000
__Hibigdata                             ibigdata     000000
__Hidata                                idata        000000
__HidataBANK0                           idataBANK0   000000
__Hidloc                                idloc        200008
__Hifardata                             ifardata     000000
__Hinit                                 init         000004
__Hintcode                              intcode      000000
__Hintcode_body                         intcode_body 000000
__Hintcodelo                            intcodelo    000000
__Hintentry                             intentry     000000
__Hintret                               intret       000000
__Hintsave_regs                         intsave_regs 000000
__Hirdata                               irdata       000000
__Hmediumconst                          mediumconst  000000
__HnvFARRAM                             nvFARRAM     000000
__Hnvbit                                nvbit        000000
__Hnvrram                               nvrram       000000
__Hparam                                rparam       000000
__Hpowerup                              powerup      000000
__Hram                                  ram          000000
__Hramtop                               ramtop       000800
__Hrbit                                 rbit         000000
__Hrbss                                 rbss         000000
__Hrdata                                rdata        000000
__Hreset_vec                            reset_vec    000000
__Hrparam                               rparam       000000
__Hsfr                                  sfr          000000
__Hsmallconst                           smallconst   00080E
__Hspace_0                              (abs)        001430
__Hspace_1                              (abs)        0000F5
__Hspace_2                              (abs)        000000
__Hspace_4                              (abs)        60000E
__Hstack                                stack        000000
__Hstruct                               struct       000000
__Htemp                                 temp         000000
__Htext                                 text         000000
__Htext0                                text0        000000
__Htext1                                text1        000000
__Htext10                               text10       000000
__Htext11                               text11       000000
__Htext12                               text12       000000
__Htext13                               text13       000000
__Htext14                               text14       000000
__Htext15                               text15       000000
__Htext16                               text16       000000
__Htext17                               text17       000000
__Htext18                               text18       000000
__Htext19                               text19       000000
__Htext2                                text2        000000
__Htext20                               text20       000000
__Htext21                               text21       000000
__Htext22                               text22       000000
__Htext23                               text23       000000
__Htext24                               text24       000000
__Htext3                                text3        000000
__Htext4                                text4        000000
__Htext5                                text5        000000
__Htext6                                text6        000000
__Htext7                                text7        000000
__Htext8                                text8        000000
__Htext9                                text9        000000
__LRAM                                  (abs)        000001
__Labs1                                 abs1         000000
__Lbank0                                bank0        000000
__Lbank1                                bank1        000000
__Lbank2                                bank2        000000
__Lbank3                                bank3        000000
__Lbank4                                bank4        000000
__Lbank5                                bank5        000000
__Lbank6                                bank6        000000
__Lbank7                                bank7        000000
__Lbigbss                               bigbss       000000
__Lbigdata                              bigdata      000000
__Lbigram                               bigram       000000
__Lbss                                  bss          000000
__LbssBANK0                             bssBANK0     000000
__Lcinit                                cinit        000000
__Lclrtext                              clrtext      000000
__Lcomram                               comram       000000
__Lconfig                               config       000000
__Lconst                                const        000000
__LcstackBANK0                          cstackBANK0  000000
__LcstackCOMRAM                         cstackCOMRAM 000000
__Ldata                                 data         000000
__LdataBANK0                            dataBANK0    000000
__Leeprom_data                          eeprom_data  000000
__Lfarbss                               farbss       000000
__Lfardata                              fardata      000000
__Libigdata                             ibigdata     000000
__Lidata                                idata        000000
__LidataBANK0                           idataBANK0   000000
__Lidloc                                idloc        000000
__Lifardata                             ifardata     000000
__Linit                                 init         000000
__Lintcode                              intcode      000000
__Lintcode_body                         intcode_body 000000
__Lintcodelo                            intcodelo    000000
__Lintentry                             intentry     000000
__Lintret                               intret       000000
__Lintsave_regs                         intsave_regs 000000
__Lirdata                               irdata       000000
__Lmediumconst                          mediumconst  000000
__LnvFARRAM                             nvFARRAM     000000
__Lnvbit                                nvbit        000000
__Lnvrram                               nvrram       000000
__Lparam                                rparam       000000
__Lpowerup                              powerup      000000
__Lram                                  ram          000000
__Lramtop                               ramtop       000800
__Lrbit                                 rbit         000000
__Lrbss                                 rbss         000000
__Lrdata                                rdata        000000
__Lreset_vec                            reset_vec    000000
__Lrparam                               rparam       000000
__Lsfr                                  sfr          000000
__Lsmallconst                           smallconst   000800
__Lspace_0                              (abs)        000000
__Lspace_1                              (abs)        000000
__Lspace_2                              (abs)        000000
__Lspace_4                              (abs)        000000
__Lstack                                stack        000000
__Lstruct                               struct       000000
__Ltemp                                 temp         000000
__Ltext                                 text         000000
__Ltext0                                text0        000000
__Ltext1                                text1        000000
__Ltext10                               text10       000000
__Ltext11                               text11       000000
__Ltext12                               text12       000000
__Ltext13                               text13       000000
__Ltext14                               text14       000000
__Ltext15                               text15       000000
__Ltext16                               text16       000000
__Ltext17                               text17       000000
__Ltext18                               text18       000000
__Ltext19                               text19       000000
__Ltext2                                text2        000000
__Ltext20                               text20       000000
__Ltext21                               text21       000000
__Ltext22                               text22       000000
__Ltext23                               text23       000000
__Ltext24                               text24       000000
__Ltext3                                text3        000000
__Ltext4                                text4        000000
__Ltext5                                text5        000000
__Ltext6                                text6        000000
__Ltext7                                text7        000000
__Ltext8                                text8        000000
__Ltext9                                text9        000000
__S0                                    (abs)        001430
__S1                                    (abs)        0000F5
__S2                                    (abs)        000000
__S4                                    (abs)        000000
__S5                                    (abs)        000000
___inthi_sp                             stack        000000
___intlo_sp                             stack        000000
___param_bank                           (abs)        000000
___rparam_used                          (abs)        000001
___sp                                   stack        000000
__accesstop                             (abs)        000060
__activetblptr                          (abs)        000001
__end_of_I2C_Ack                        text23       00140A
__end_of_I2C_Init                       text24       0013CE
__end_of_I2C_Nack                       text22       0013F6
__end_of_I2C_Read                       text20       001290
__end_of_I2C_Ready                      text21       00142E
__end_of_I2C_Repeated_Start             text18       001392
__end_of_I2C_Start                      text17       001364
__end_of_I2C_Stop                       text16       0013E2
__end_of_I2C_Write                      text19       0013B4
__end_of_RTC_Read_Calendar              text15       001104
__end_of_RTC_Read_Clock                 text14       00119C
__end_of__initialization                cinit        001248
__end_of_fputc                          text10       000F24
__end_of_fputs                          text9        0011E0
__end_of_isalpha                        text13       00121C
__end_of_islower                        text6        0012C8
__end_of_isupper                        text12       001300
__end_of_main                           text0        000E5A
__end_of_pad                            text7        000FEA
__end_of_putch                          text11       001430
__end_of_sprintf                        text1        001156
__end_of_strlen                         text8        001336
__end_of_toupper                        text5        0010AA
__end_of_vfpfcnvrt                      text3        000CB6
__end_of_vfprintf                       text2        00104C
__end_of_xtoa                           text4        000AE6
__initialization                        cinit        00121C
__mediumconst                           mediumconst  000000
__pbssBANK0                             bssBANK0     0000A6
__pcinit                                cinit        00121C
__pcstackBANK0                          cstackBANK0  000060
__pcstackCOMRAM                         cstackCOMRAM 000001
__pdataBANK0                            dataBANK0    0000E3
__pidataBANK0                           idataBANK0   00140A
__psmallconst                           smallconst   000800
__ptext0                                text0        000CB6
__ptext1                                text1        001104
__ptext10                               text10       000E5A
__ptext11                               text11       00142E
__ptext12                               text12       0012C8
__ptext13                               text13       0011E0
__ptext14                               text14       001156
__ptext15                               text15       0010AA
__ptext16                               text16       0013CE
__ptext17                               text17       001336
__ptext18                               text18       001364
__ptext19                               text19       001392
__ptext2                                text2        000FEA
__ptext20                               text20       001256
__ptext21                               text21       00141C
__ptext22                               text22       0013E2
__ptext23                               text23       0013F6
__ptext24                               text24       0013B4
__ptext3                                text3        000AE6
__ptext4                                text4        00080E
__ptext5                                text5        00104C
__ptext6                                text6        001290
__ptext7                                text7        000F24
__ptext8                                text8        001300
__ptext9                                text9        00119C
__ramtop                                ramtop       000800
__size_of_I2C_Ack                       (abs)        000000
__size_of_I2C_Init                      (abs)        000000
__size_of_I2C_Nack                      (abs)        000000
__size_of_I2C_Read                      (abs)        000000
__size_of_I2C_Ready                     (abs)        000000
__size_of_I2C_Repeated_Start            (abs)        000000
__size_of_I2C_Start                     (abs)        000000
__size_of_I2C_Stop                      (abs)        000000
__size_of_I2C_Write                     (abs)        000000
__size_of_RTC_Read_Calendar             (abs)        000000
__size_of_RTC_Read_Clock                (abs)        000000
__size_of_fputc                         (abs)        000000
__size_of_fputs                         (abs)        000000
__size_of_isalpha                       (abs)        000000
__size_of_islower                       (abs)        000000
__size_of_isupper                       (abs)        000000
__size_of_main                          (abs)        000000
__size_of_pad                           (abs)        000000
__size_of_putch                         (abs)        000000
__size_of_sprintf                       (abs)        000000
__size_of_strlen                        (abs)        000000
__size_of_toupper                       (abs)        000000
__size_of_vfpfcnvrt                     (abs)        000000
__size_of_vfprintf                      (abs)        000000
__size_of_xtoa                          (abs)        000000
__smallconst                            smallconst   000800
_buffer_TX                              dataBANK0    0000E3
_dbuf                                   bssBANK0     0000C3
_flags                                  bssBANK0     0000B0
_fputc                                  text10       000E5A
_fputs                                  text9        00119C
_hour                                   bssBANK0     0000BA
_isalpha                                text13       0011E0
_islower                                text6        001290
_isupper                                text12       0012C8
_lm35                                   bssBANK0     0000C2
_main                                   text0        000CB6
_min                                    bssBANK0     0000BC
_nout                                   bssBANK0     0000AA
_pad                                    text7        000F24
_prec                                   bssBANK0     0000AE
_putch                                  text11       00142E
_sec                                    bssBANK0     0000BE
_sprintf                                text1        001104
_strlen                                 text8        001300
_temp                                   bssBANK0     0000A6
_toupper                                text5        00104C
_toupper$1478                           cstackCOMRAM 00000D
_value_adc                              bssBANK0     0000C0
_vfpfcnvrt                              text3        000AE6
_vfprintf                               text2        000FEA
_width                                  bssBANK0     0000AC
_xtoa                                   text4        00080E
_xtoa$1395                              cstackCOMRAM 00002F
_xtoa$1396                              cstackCOMRAM 000031
end_of_initialization                   cinit        001248
fputc@c                                 cstackCOMRAM 000001
fputc@fp                                cstackCOMRAM 000003
fputs@c                                 cstackCOMRAM 00000E
fputs@fp                                cstackCOMRAM 00000C
fputs@i                                 cstackCOMRAM 00000F
fputs@s                                 cstackCOMRAM 00000A
intlevel0                               text         000000
intlevel1                               text         000000
intlevel2                               text         000000
intlevel3                               text         000000
isalpha@c                               cstackCOMRAM 000001
islower@c                               cstackCOMRAM 000001
isupper@c                               cstackCOMRAM 000001
main@date                               cstackBANK0  000070
main@hours                              cstackBANK0  000098
main@i                                  cstackBANK0  0000A4
main@mins                               cstackBANK0  00008E
main@month                              cstackBANK0  00007A
main@year                               cstackBANK0  000084
pad@buf                                 cstackCOMRAM 000013
pad@fp                                  cstackCOMRAM 000011
pad@i                                   cstackCOMRAM 000018
pad@p                                   cstackCOMRAM 000015
pad@w                                   cstackCOMRAM 00001A
sprintf@ap                              cstackBANK0  000068
sprintf@f                               cstackBANK0  00006A
sprintf@fmt                             cstackBANK0  000062
sprintf@s                               cstackBANK0  000060
stackhi                                 (abs)        0007FF
stacklo                                 (abs)        0000F5
start                                   init         000000
start_initialization                    cinit        00121C
strlen@a                                cstackCOMRAM 000003
strlen@s                                cstackCOMRAM 000001
toupper@c                               cstackCOMRAM 000007
vfpfcnvrt@ap                            cstackCOMRAM 000047
vfpfcnvrt@c                             cstackCOMRAM 000055
vfpfcnvrt@fmt                           cstackCOMRAM 000045
vfpfcnvrt@fp                            cstackCOMRAM 000043
vfpfcnvrt@llu                           cstackCOMRAM 00004D
vfprintf@ap                             cstackCOMRAM 00005A
vfprintf@cfmt                           cstackCOMRAM 00005C
vfprintf@fmt                            cstackCOMRAM 000058
vfprintf@fp                             cstackCOMRAM 000056
xtoa@c                                  cstackCOMRAM 000041
xtoa@d                                  cstackCOMRAM 00001E
xtoa@fp                                 cstackCOMRAM 00001C
xtoa@i                                  cstackCOMRAM 00003F
xtoa@n                                  cstackCOMRAM 000037
xtoa@p                                  cstackCOMRAM 000033
xtoa@w                                  cstackCOMRAM 000035
xtoa@x                                  cstackCOMRAM 000026


FUNCTION INFORMATION:

 *************** function _main *****************
 Defined at:
		line 67 in file "uart_lm35.c"
 Parameters:    Size  Location     Type
		None
 Auto vars:     Size  Location     Type
  i               2   68[BANK0 ] int 
  hours          10   56[BANK0 ] unsigned char [10]
  mins           10   46[BANK0 ] unsigned char [10]
  year           10   36[BANK0 ] unsigned char [10]
  month          10   26[BANK0 ] unsigned char [10]
  date           10   16[BANK0 ] unsigned char [10]
  AM_PM           1    0        unsigned char 
  Clock_type      1    0        unsigned char 
 Return value:  Size  Location     Type
                  1    wreg      void 
 Registers used:
		wreg, fsr1l, fsr1h, fsr2l, fsr2h, status,2, status,0, tblptrl, tblptrh, tblptru, cstack
 Tracked objects:
		On entry : 
		On exit  : 
		Unchanged: 
 Data sizes:     COMRAM   BANK0   BANK1   BANK2   BANK3   BANK4   BANK5   BANK6   BANK7
      Params:         0       0       0       0       0       0       0       0       0
      Locals:         0      54       0       0       0       0       0       0       0
      Temps:          2       0       0       0       0       0       0       0       0
      Totals:         2      54       0       0       0       0       0       0       0
Total ram usage:       56 bytes
 Hardware stack levels required when called:    8
 This function calls:
		_I2C_Init
		_I2C_Stop
		_RTC_Read_Calendar
		_RTC_Read_Clock
		_sprintf
 This function is called by:
		Startup code after reset
 This function uses a non-reentrant model


 *************** function _sprintf *****************
 Defined at:
		line 9 in file "C:\Program Files\Microchip\xc8\v2.31\pic\sources\c99\common\nf_sprintf.c"
 Parameters:    Size  Location     Type
  s               2    0[BANK0 ] PTR unsigned char 
		 -> main@year(10), main@month(10), main@date(10), main@hours(10), 
		 -> main@mins(10), 
  fmt             2    2[BANK0 ] PTR const unsigned char 
		 -> STR_5(4), STR_4(4), STR_3(4), STR_2(3), 
		 -> STR_1(3), 
 Auto vars:     Size  Location     Type
  f               6   10[BANK0 ] struct _IO_FILE
  ap              2    8[BANK0 ] PTR void [1]
		 -> ?_sprintf(2), 
  ret             2    0        int 
 Return value:  Size  Location     Type
                  2    0[BANK0 ] int 
 Registers used:
		wreg, fsr1l, fsr1h, fsr2l, fsr2h, status,2, status,0, tblptrl, tblptrh, tblptru, cstack
 Tracked objects:
		On entry : 
		On exit  : 
		Unchanged: 
 Data sizes:     COMRAM   BANK0   BANK1   BANK2   BANK3   BANK4   BANK5   BANK6   BANK7
      Params:         0       6       0       0       0       0       0       0       0
      Locals:         0      10       0       0       0       0       0       0       0
      Temps:          0       0       0       0       0       0       0       0       0
      Totals:         0      16       0       0       0       0       0       0       0
Total ram usage:       16 bytes
 Hardware stack levels used:    1
 Hardware stack levels required when called:    7
 This function calls:
		_vfprintf
 This function is called by:
		_main
 This function uses a non-reentrant model


 *************** function _vfprintf *****************
 Defined at:
		line 1390 in file "C:\Program Files\Microchip\xc8\v2.31\pic\sources\c99\common\doprnt.c"
 Parameters:    Size  Location     Type
  fp              2   85[COMRAM] PTR struct _IO_FILE
		 -> sprintf@f(6), 
  fmt             2   87[COMRAM] PTR const unsigned char 
		 -> STR_5(4), STR_4(4), STR_3(4), STR_2(3), 
		 -> STR_1(3), 
  ap              2   89[COMRAM] PTR PTR void 
		 -> sprintf@ap(2), 
 Auto vars:     Size  Location     Type
  cfmt            2   91[COMRAM] PTR unsigned char 
		 -> STR_5(4), STR_4(4), STR_3(4), STR_2(3), 
		 -> STR_1(3), 
 Return value:  Size  Location     Type
                  2   85[COMRAM] int 
 Registers used:
		wreg, fsr1l, fsr1h, fsr2l, fsr2h, status,2, status,0, tblptrl, tblptrh, tblptru, cstack
 Tracked objects:
		On entry : 
		On exit  : 
		Unchanged: 
 Data sizes:     COMRAM   BANK0   BANK1   BANK2   BANK3   BANK4   BANK5   BANK6   BANK7
      Params:         6       0       0       0       0       0       0       0       0
      Locals:         2       0       0       0       0       0       0       0       0
      Temps:          0       0       0       0       0       0       0       0       0
      Totals:         8       0       0       0       0       0       0       0       0
Total ram usage:        8 bytes
 Hardware stack levels used:    1
 Hardware stack levels required when called:    6
 This function calls:
		_vfpfcnvrt
 This function is called by:
		_sprintf
 This function uses a non-reentrant model


 *************** function _vfpfcnvrt *****************
 Defined at:
		line 692 in file "C:\Program Files\Microchip\xc8\v2.31\pic\sources\c99\common\doprnt.c"
 Parameters:    Size  Location     Type
  fp              2   66[COMRAM] PTR struct _IO_FILE
		 -> sprintf@f(6), 
  fmt             2   68[COMRAM] PTR PTR unsigned char 
		 -> vfprintf@cfmt(2), 
  ap              2   70[COMRAM] PTR PTR void 
		 -> sprintf@ap(2), 
 Auto vars:     Size  Location     Type
  llu             8   76[COMRAM] unsigned long long 
  ll              8    0        long long 
  f               4    0        long long 
  vp              3    0        PTR void 
  ct              3    0        unsigned char [3]
  cp              3    0        PTR unsigned char 
  i               2    0        int 
  done            2    0        int 
  c               1   84[COMRAM] unsigned char 
 Return value:  Size  Location     Type
                  2   66[COMRAM] int 
 Registers used:
		wreg, fsr1l, fsr1h, fsr2l, fsr2h, status,2, status,0, tblptrl, tblptrh, tblptru, cstack
 Tracked objects:
		On entry : 
		On exit  : 
		Unchanged: 
 Data sizes:     COMRAM   BANK0   BANK1   BANK2   BANK3   BANK4   BANK5   BANK6   BANK7
      Params:         6       0       0       0       0       0       0       0       0
      Locals:         9       0       0       0       0       0       0       0       0
      Temps:          4       0       0       0       0       0       0       0       0
      Totals:        19       0       0       0       0       0       0       0       0
Total ram usage:       19 bytes
 Hardware stack levels used:    1
 Hardware stack levels required when called:    5
 This function calls:
		_fputc
		_xtoa
 This function is called by:
		_vfprintf
 This function uses a non-reentrant model


 *************** function _xtoa *****************
 Defined at:
		line 645 in file "C:\Program Files\Microchip\xc8\v2.31\pic\sources\c99\common\doprnt.c"
 Parameters:    Size  Location     Type
  fp              2   27[COMRAM] PTR struct _IO_FILE
		 -> sprintf@f(6), 
  d               8   29[COMRAM] unsigned long long 
  x               1   37[COMRAM] unsigned char 
 Auto vars:     Size  Location     Type
  n               8   54[COMRAM] unsigned long long 
  c               2   64[COMRAM] int 
  i               2   62[COMRAM] int 
  w               2   52[COMRAM] int 
  p               2   50[COMRAM] int 
 Return value:  Size  Location     Type
                  2   27[COMRAM] int 
 Registers used:
		wreg, fsr1l, fsr1h, fsr2l, fsr2h, status,2, status,0, cstack
 Tracked objects:
		On entry : 
		On exit  : 
		Unchanged: 
 Data sizes:     COMRAM   BANK0   BANK1   BANK2   BANK3   BANK4   BANK5   BANK6   BANK7
      Params:        11       0       0       0       0       0       0       0       0
      Locals:        20       0       0       0       0       0       0       0       0
      Temps:          8       0       0       0       0       0       0       0       0
      Totals:        39       0       0       0       0       0       0       0       0
Total ram usage:       39 bytes
 Hardware stack levels used:    1
 Hardware stack levels required when called:    4
 This function calls:
		_isalpha
		_isupper
		_pad
		_toupper
 This function is called by:
		_vfpfcnvrt
 This function uses a non-reentrant model


 *************** function _toupper *****************
 Defined at:
		line 4 in file "C:\Program Files\Microchip\xc8\v2.31\pic\sources\c99\common\toupper.c"
 Parameters:    Size  Location     Type
  c               2    6[COMRAM] int 
 Auto vars:     Size  Location     Type
		None
 Return value:  Size  Location     Type
                  2    6[COMRAM] int 
 Registers used:
		wreg, status,2, status,0
 Tracked objects:
		On entry : 
		On exit  : 
		Unchanged: 
 Data sizes:     COMRAM   BANK0   BANK1   BANK2   BANK3   BANK4   BANK5   BANK6   BANK7
      Params:         2       0       0       0       0       0       0       0       0
      Locals:         2       0       0       0       0       0       0       0       0
      Temps:          4       0       0       0       0       0       0       0       0
      Totals:         8       0       0       0       0       0       0       0       0
Total ram usage:        8 bytes
 Hardware stack levels used:    1
 Hardware stack levels required when called:    1
 This function calls:
		_islower
 This function is called by:
		_xtoa
 This function uses a non-reentrant model


 *************** function _islower *****************
 Defined at:
		line 5 in file "C:\Program Files\Microchip\xc8\v2.31\pic\sources\c99\common\islower.c"
 Parameters:    Size  Location     Type
  c               2    0[COMRAM] int 
 Auto vars:     Size  Location     Type
		None
 Return value:  Size  Location     Type
                  2    0[COMRAM] int 
 Registers used:
		wreg, status,2, status,0
 Tracked objects:
		On entry : 
		On exit  : 
		Unchanged: 
 Data sizes:     COMRAM   BANK0   BANK1   BANK2   BANK3   BANK4   BANK5   BANK6   BANK7
      Params:         2       0       0       0       0       0       0       0       0
      Locals:         0       0       0       0       0       0       0       0       0
      Temps:          4       0       0       0       0       0       0       0       0
      Totals:         6       0       0       0       0       0       0       0       0
Total ram usage:        6 bytes
 Hardware stack levels used:    1
 This function calls:
		Nothing
 This function is called by:
		_toupper
 This function uses a non-reentrant model


 *************** function _pad *****************
 Defined at:
		line 72 in file "C:\Program Files\Microchip\xc8\v2.31\pic\sources\c99\common\doprnt.c"
 Parameters:    Size  Location     Type
  fp              2   16[COMRAM] PTR struct _IO_FILE
		 -> sprintf@f(6), 
  buf             2   18[COMRAM] PTR unsigned char 
		 -> dbuf(32), 
  p               2   20[COMRAM] int 
 Auto vars:     Size  Location     Type
  w               2   25[COMRAM] int 
  i               2   23[COMRAM] int 
 Return value:  Size  Location     Type
                  2   16[COMRAM] int 
 Registers used:
		wreg, fsr1l, fsr1h, fsr2l, fsr2h, status,2, status,0, cstack
 Tracked objects:
		On entry : 
		On exit  : 
		Unchanged: 
 Data sizes:     COMRAM   BANK0   BANK1   BANK2   BANK3   BANK4   BANK5   BANK6   BANK7
      Params:         6       0       0       0       0       0       0       0       0
      Locals:         4       0       0       0       0       0       0       0       0
      Temps:          1       0       0       0       0       0       0       0       0
      Totals:        11       0       0       0       0       0       0       0       0
Total ram usage:       11 bytes
 Hardware stack levels used:    1
 Hardware stack levels required when called:    3
 This function calls:
		_fputc
		_fputs
		_strlen
 This function is called by:
		_xtoa
 This function uses a non-reentrant model


 *************** function _strlen *****************
 Defined at:
		line 5 in file "C:\Program Files\Microchip\xc8\v2.31\pic\sources\c99\common\strlen.c"
 Parameters:    Size  Location     Type
  s               2    0[COMRAM] PTR const unsigned char 
		 -> dbuf(32), 
 Auto vars:     Size  Location     Type
  a               2    2[COMRAM] PTR const unsigned char 
		 -> dbuf(32), 
 Return value:  Size  Location     Type
                  2    0[COMRAM] unsigned int 
 Registers used:
		wreg, fsr2l, fsr2h, status,2, status,0
 Tracked objects:
		On entry : 
		On exit  : 
		Unchanged: 
 Data sizes:     COMRAM   BANK0   BANK1   BANK2   BANK3   BANK4   BANK5   BANK6   BANK7
      Params:         2       0       0       0       0       0       0       0       0
      Locals:         2       0       0       0       0       0       0       0       0
      Temps:          0       0       0       0       0       0       0       0       0
      Totals:         4       0       0       0       0       0       0       0       0
Total ram usage:        4 bytes
 Hardware stack levels used:    1
 This function calls:
		Nothing
 This function is called by:
		_pad
 This function uses a non-reentrant model


 *************** function _fputs *****************
 Defined at:
		line 8 in file "C:\Program Files\Microchip\xc8\v2.31\pic\sources\c99\common\nf_fputs.c"
 Parameters:    Size  Location     Type
  s               2    9[COMRAM] PTR const unsigned char 
		 -> dbuf(32), 
  fp              2   11[COMRAM] PTR struct _IO_FILE
		 -> sprintf@f(6), 
 Auto vars:     Size  Location     Type
  i               2   14[COMRAM] int 
  c               1   13[COMRAM] unsigned char 
 Return value:  Size  Location     Type
                  2    9[COMRAM] int 
 Registers used:
		wreg, fsr1l, fsr1h, fsr2l, fsr2h, status,2, status,0, cstack
 Tracked objects:
		On entry : 
		On exit  : 
		Unchanged: 
 Data sizes:     COMRAM   BANK0   BANK1   BANK2   BANK3   BANK4   BANK5   BANK6   BANK7
      Params:         4       0       0       0       0       0       0       0       0
      Locals:         3       0       0       0       0       0       0       0       0
      Temps:          0       0       0       0       0       0       0       0       0
      Totals:         7       0       0       0       0       0       0       0       0
Total ram usage:        7 bytes
 Hardware stack levels used:    1
 Hardware stack levels required when called:    2
 This function calls:
		_fputc
 This function is called by:
		_pad
 This function uses a non-reentrant model


 *************** function _fputc *****************
 Defined at:
		line 8 in file "C:\Program Files\Microchip\xc8\v2.31\pic\sources\c99\common\nf_fputc.c"
 Parameters:    Size  Location     Type
  c               2    0[COMRAM] int 
  fp              2    2[COMRAM] PTR struct _IO_FILE
		 -> sprintf@f(6), 
 Auto vars:     Size  Location     Type
		None
 Return value:  Size  Location     Type
                  2    0[COMRAM] int 
 Registers used:
		wreg, fsr1l, fsr1h, fsr2l, fsr2h, status,2, status,0, cstack
 Tracked objects:
		On entry : 
		On exit  : 
		Unchanged: 
 Data sizes:     COMRAM   BANK0   BANK1   BANK2   BANK3   BANK4   BANK5   BANK6   BANK7
      Params:         4       0       0       0       0       0       0       0       0
      Locals:         0       0       0       0       0       0       0       0       0
      Temps:          5       0       0       0       0       0       0       0       0
      Totals:         9       0       0       0       0       0       0       0       0
Total ram usage:        9 bytes
 Hardware stack levels used:    1
 Hardware stack levels required when called:    1
 This function calls:
		_putch
 This function is called by:
		_pad
		_vfpfcnvrt
		_fputs
 This function uses a non-reentrant model


 *************** function _putch *****************
 Defined at:
		line 7 in file "C:\Program Files\Microchip\xc8\v2.31\pic\sources\c99\common\putch.c"
 Parameters:    Size  Location     Type
  c               1    wreg     unsigned char 
 Auto vars:     Size  Location     Type
  c               1    0[COMRAM] unsigned char 
 Return value:  Size  Location     Type
                  1    wreg      void 
 Registers used:
		wreg
 Tracked objects:
		On entry : 
		On exit  : 
		Unchanged: 
 Data sizes:     COMRAM   BANK0   BANK1   BANK2   BANK3   BANK4   BANK5   BANK6   BANK7
      Params:         0       0       0       0       0       0       0       0       0
      Locals:         0       0       0       0       0       0       0       0       0
      Temps:          0       0       0       0       0       0       0       0       0
      Totals:         0       0       0       0       0       0       0       0       0
Total ram usage:        0 bytes
 Hardware stack levels used:    1
 This function calls:
		Nothing
 This function is called by:
		_fputc
 This function uses a non-reentrant model


 *************** function _isupper *****************
 Defined at:
		line 5 in file "C:\Program Files\Microchip\xc8\v2.31\pic\sources\c99\common\isupper.c"
 Parameters:    Size  Location     Type
  c               2    0[COMRAM] int 
 Auto vars:     Size  Location     Type
		None
 Return value:  Size  Location     Type
                  2    0[COMRAM] int 
 Registers used:
		wreg, status,2, status,0
 Tracked objects:
		On entry : 
		On exit  : 
		Unchanged: 
 Data sizes:     COMRAM   BANK0   BANK1   BANK2   BANK3   BANK4   BANK5   BANK6   BANK7
      Params:         2       0       0       0       0       0       0       0       0
      Locals:         0       0       0       0       0       0       0       0       0
      Temps:          4       0       0       0       0       0       0       0       0
      Totals:         6       0       0       0       0       0       0       0       0
Total ram usage:        6 bytes
 Hardware stack levels used:    1
 This function calls:
		Nothing
 This function is called by:
		_xtoa
 This function uses a non-reentrant model


 *************** function _isalpha *****************
 Defined at:
		line 5 in file "C:\Program Files\Microchip\xc8\v2.31\pic\sources\c99\common\isalpha.c"
 Parameters:    Size  Location     Type
  c               2    0[COMRAM] int 
 Auto vars:     Size  Location     Type
		None
 Return value:  Size  Location     Type
                  2    0[COMRAM] int 
 Registers used:
		wreg, status,2, status,0
 Tracked objects:
		On entry : 
		On exit  : 
		Unchanged: 
 Data sizes:     COMRAM   BANK0   BANK1   BANK2   BANK3   BANK4   BANK5   BANK6   BANK7
      Params:         2       0       0       0       0       0       0       0       0
      Locals:         0       0       0       0       0       0       0       0       0
      Temps:          4       0       0       0       0       0       0       0       0
      Totals:         6       0       0       0       0       0       0       0       0
Total ram usage:        6 bytes
 Hardware stack levels used:    1
 This function calls:
		Nothing
 This function is called by:
		_xtoa
 This function uses a non-reentrant model


 *************** function _RTC_Read_Clock *****************
 Defined at:
		line 43 in file "uart_lm35.c"
 Parameters:    Size  Location     Type
  read_clock_a    1    wreg     unsigned char 
 Auto vars:     Size  Location     Type
  read_clock_a    1    3[COMRAM] unsigned char 
 Return value:  Size  Location     Type
                  1    wreg      void 
 Registers used:
		wreg, status,2, status,0, cstack
 Tracked objects:
		On entry : 
		On exit  : 
		Unchanged: 
 Data sizes:     COMRAM   BANK0   BANK1   BANK2   BANK3   BANK4   BANK5   BANK6   BANK7
      Params:         0       0       0       0       0       0       0       0       0
      Locals:         1       0       0       0       0       0       0       0       0
      Temps:          1       0       0       0       0       0       0       0       0
      Totals:         2       0       0       0       0       0       0       0       0
Total ram usage:        2 bytes
 Hardware stack levels used:    1
 Hardware stack levels required when called:    3
 This function calls:
		_I2C_Read
		_I2C_Repeated_Start
		_I2C_Start
		_I2C_Write
 This function is called by:
		_main
 This function uses a non-reentrant model


 *************** function _RTC_Read_Calendar *****************
 Defined at:
		line 54 in file "uart_lm35.c"
 Parameters:    Size  Location     Type
  read_calenda    1    wreg     unsigned char 
 Auto vars:     Size  Location     Type
  read_calenda    1    3[COMRAM] unsigned char 
 Return value:  Size  Location     Type
                  1    wreg      void 
 Registers used:
		wreg, status,2, status,0, cstack
 Tracked objects:
		On entry : 
		On exit  : 
		Unchanged: 
 Data sizes:     COMRAM   BANK0   BANK1   BANK2   BANK3   BANK4   BANK5   BANK6   BANK7
      Params:         0       0       0       0       0       0       0       0       0
      Locals:         1       0       0       0       0       0       0       0       0
      Temps:          1       0       0       0       0       0       0       0       0
      Totals:         2       0       0       0       0       0       0       0       0
Total ram usage:        2 bytes
 Hardware stack levels used:    1
 Hardware stack levels required when called:    3
 This function calls:
		_I2C_Read
		_I2C_Repeated_Start
		_I2C_Start
		_I2C_Stop
		_I2C_Write
 This function is called by:
		_main
 This function uses a non-reentrant model


 *************** function _I2C_Stop *****************
 Defined at:
		line 93 in file "PIC18F4550_I2C_Source_File.c"
 Parameters:    Size  Location     Type
		None
 Auto vars:     Size  Location     Type
		None
 Return value:  Size  Location     Type
                  1    wreg      unsigned char 
 Registers used:
		wreg
 Tracked objects:
		On entry : 
		On exit  : 
		Unchanged: 
 Data sizes:     COMRAM   BANK0   BANK1   BANK2   BANK3   BANK4   BANK5   BANK6   BANK7
      Params:         0       0       0       0       0       0       0       0       0
      Locals:         0       0       0       0       0       0       0       0       0
      Temps:          0       0       0       0       0       0       0       0       0
      Totals:         0       0       0       0       0       0       0       0       0
Total ram usage:        0 bytes
 Hardware stack levels used:    1
 This function calls:
		Nothing
 This function is called by:
		_RTC_Read_Calendar
		_main
		_I2C_Start_Wait
 This function uses a non-reentrant model


 *************** function _I2C_Start *****************
 Defined at:
		line 68 in file "PIC18F4550_I2C_Source_File.c"
 Parameters:    Size  Location     Type
  slave_write_    1    wreg     unsigned char 
 Auto vars:     Size  Location     Type
  slave_write_    1    1[COMRAM] unsigned char 
 Return value:  Size  Location     Type
                  1    wreg      unsigned char 
 Registers used:
		wreg, status,2, cstack
 Tracked objects:
		On entry : 
		On exit  : 
		Unchanged: 
 Data sizes:     COMRAM   BANK0   BANK1   BANK2   BANK3   BANK4   BANK5   BANK6   BANK7
      Params:         0       0       0       0       0       0       0       0       0
      Locals:         1       0       0       0       0       0       0       0       0
      Temps:          0       0       0       0       0       0       0       0       0
      Totals:         1       0       0       0       0       0       0       0       0
Total ram usage:        1 bytes
 Hardware stack levels used:    1
 Hardware stack levels required when called:    2
 This function calls:
		_I2C_Write
 This function is called by:
		_RTC_Read_Clock
		_RTC_Read_Calendar
 This function uses a non-reentrant model


 *************** function _I2C_Repeated_Start *****************
 Defined at:
		line 79 in file "PIC18F4550_I2C_Source_File.c"
 Parameters:    Size  Location     Type
  slave_read_a    1    wreg     unsigned char 
 Auto vars:     Size  Location     Type
  slave_read_a    1    1[COMRAM] unsigned char 
 Return value:  Size  Location     Type
                  1    wreg      unsigned char 
 Registers used:
		wreg, status,2, cstack
 Tracked objects:
		On entry : 
		On exit  : 
		Unchanged: 
 Data sizes:     COMRAM   BANK0   BANK1   BANK2   BANK3   BANK4   BANK5   BANK6   BANK7
      Params:         0       0       0       0       0       0       0       0       0
      Locals:         1       0       0       0       0       0       0       0       0
      Temps:          0       0       0       0       0       0       0       0       0
      Totals:         1       0       0       0       0       0       0       0       0
Total ram usage:        1 bytes
 Hardware stack levels used:    1
 Hardware stack levels required when called:    2
 This function calls:
		_I2C_Write
 This function is called by:
		_RTC_Read_Clock
		_RTC_Read_Calendar
 This function uses a non-reentrant model


 *************** function _I2C_Write *****************
 Defined at:
		line 101 in file "PIC18F4550_I2C_Source_File.c"
 Parameters:    Size  Location     Type
  data            1    wreg     unsigned char 
 Auto vars:     Size  Location     Type
  data            1    0[COMRAM] unsigned char 
 Return value:  Size  Location     Type
                  1    wreg      unsigned char 
 Registers used:
		wreg, cstack
 Tracked objects:
		On entry : 
		On exit  : 
		Unchanged: 
 Data sizes:     COMRAM   BANK0   BANK1   BANK2   BANK3   BANK4   BANK5   BANK6   BANK7
      Params:         0       0       0       0       0       0       0       0       0
      Locals:         1       0       0       0       0       0       0       0       0
      Temps:          0       0       0       0       0       0       0       0       0
      Totals:         1       0       0       0       0       0       0       0       0
Total ram usage:        1 bytes
 Hardware stack levels used:    1
 Hardware stack levels required when called:    1
 This function calls:
		_I2C_Ready
 This function is called by:
		_RTC_Read_Clock
		_RTC_Read_Calendar
		_I2C_Start
		_I2C_Repeated_Start
		_I2C_Start_Wait
 This function uses a non-reentrant model


 *************** function _I2C_Read *****************
 Defined at:
		line 12 in file "PIC18F4550_I2C_Source_File.c"
 Parameters:    Size  Location     Type
  flag            1    wreg     unsigned char 
 Auto vars:     Size  Location     Type
  flag            1    0[COMRAM] unsigned char 
  buffer          1    1[COMRAM] unsigned char 
 Return value:  Size  Location     Type
                  1    wreg      unsigned char 
 Registers used:
		wreg, status,2, cstack
 Tracked objects:
		On entry : 
		On exit  : 
		Unchanged: 
 Data sizes:     COMRAM   BANK0   BANK1   BANK2   BANK3   BANK4   BANK5   BANK6   BANK7
      Params:         0       0       0       0       0       0       0       0       0
      Locals:         2       0       0       0       0       0       0       0       0
      Temps:          0       0       0       0       0       0       0       0       0
      Totals:         2       0       0       0       0       0       0       0       0
Total ram usage:        2 bytes
 Hardware stack levels used:    1
 Hardware stack levels required when called:    1
 This function calls:
		_I2C_Ack
		_I2C_Nack
		_I2C_Ready
 This function is called by:
		_RTC_Read_Clock
		_RTC_Read_Calendar
 This function uses a non-reentrant model


 *************** function _I2C_Ready *****************
 Defined at:
		line 43 in file "PIC18F4550_I2C_Source_File.c"
 Parameters:    Size  Location     Type
		None
 Auto vars:     Size  Location     Type
		None
 Return value:  Size  Location     Type
                  1    wreg      void 
 Registers used:
		None
 Tracked objects:
		On entry : 
		On exit  : 
		Unchanged: 
 Data sizes:     COMRAM   BANK0   BANK1   BANK2   BANK3   BANK4   BANK5   BANK6   BANK7
      Params:         0       0       0       0       0       0       0       0       0
      Locals:         0       0       0       0       0       0       0       0       0
      Temps:          0       0       0       0       0       0       0       0       0
      Totals:         0       0       0       0       0       0       0       0       0
Total ram usage:        0 bytes
 Hardware stack levels used:    1
 This function calls:
		Nothing
 This function is called by:
		_I2C_Read
		_I2C_Write
 This function uses a non-reentrant model


 *************** function _I2C_Nack *****************
 Defined at:
		line 118 in file "PIC18F4550_I2C_Source_File.c"
 Parameters:    Size  Location     Type
		None
 Auto vars:     Size  Location     Type
		None
 Return value:  Size  Location     Type
                  1    wreg      void 
 Registers used:
		None
 Tracked objects:
		On entry : 
		On exit  : 
		Unchanged: 
 Data sizes:     COMRAM   BANK0   BANK1   BANK2   BANK3   BANK4   BANK5   BANK6   BANK7
      Params:         0       0       0       0       0       0       0       0       0
      Locals:         0       0       0       0       0       0       0       0       0
      Temps:          0       0       0       0       0       0       0       0       0
      Totals:         0       0       0       0       0       0       0       0       0
Total ram usage:        0 bytes
 Hardware stack levels used:    1
 This function calls:
		Nothing
 This function is called by:
		_I2C_Read
 This function uses a non-reentrant model


 *************** function _I2C_Ack *****************
 Defined at:
		line 111 in file "PIC18F4550_I2C_Source_File.c"
 Parameters:    Size  Location     Type
		None
 Auto vars:     Size  Location     Type
		None
 Return value:  Size  Location     Type
                  1    wreg      void 
 Registers used:
		None
 Tracked objects:
		On entry : 
		On exit  : 
		Unchanged: 
 Data sizes:     COMRAM   BANK0   BANK1   BANK2   BANK3   BANK4   BANK5   BANK6   BANK7
      Params:         0       0       0       0       0       0       0       0       0
      Locals:         0       0       0       0       0       0       0       0       0
      Temps:          0       0       0       0       0       0       0       0       0
      Totals:         0       0       0       0       0       0       0       0       0
Total ram usage:        0 bytes
 Hardware stack levels used:    1
 This function calls:
		Nothing
 This function is called by:
		_I2C_Read
 This function uses a non-reentrant model


 *************** function _I2C_Init *****************
 Defined at:
		line 29 in file "PIC18F4550_I2C_Source_File.c"
 Parameters:    Size  Location     Type
		None
 Auto vars:     Size  Location     Type
		None
 Return value:  Size  Location     Type
                  1    wreg      void 
 Registers used:
		wreg, status,2
 Tracked objects:
		On entry : 
		On exit  : 
		Unchanged: 
 Data sizes:     COMRAM   BANK0   BANK1   BANK2   BANK3   BANK4   BANK5   BANK6   BANK7
      Params:         0       0       0       0       0       0       0       0       0
      Locals:         0       0       0       0       0       0       0       0       0
      Temps:          0       0       0       0       0       0       0       0       0
      Totals:         0       0       0       0       0       0       0       0       0
Total ram usage:        0 bytes
 Hardware stack levels used:    1
 This function calls:
		Nothing
 This function is called by:
		_main
 This function uses a non-reentrant model



MODULE INFORMATION

Module		Function		Class		Link	Load	Size
C:\Program Files\Microchip\xc8\v2.31\pic\sources\c99\common\putch.c
		_putch         		CODE           	142E	0000	2

C:\Program Files\Microchip\xc8\v2.31\pic\sources\c99\common\putch.c estimated size: 2

C:\Program Files\Microchip\xc8\v2.31\pic\sources\c99\common\nf_fputs.c
		_fputs         		CODE           	119C	0000	68

C:\Program Files\Microchip\xc8\v2.31\pic\sources\c99\common\nf_fputs.c estimated size: 68

C:\Program Files\Microchip\xc8\v2.31\pic\sources\c99\common\strlen.c
		_strlen        		CODE           	1300	0000	54

C:\Program Files\Microchip\xc8\v2.31\pic\sources\c99\common\strlen.c estimated size: 54

C:\Program Files\Microchip\xc8\v2.31\pic\sources\c99\common\isupper.c
		_isupper       		CODE           	12C8	0000	56

C:\Program Files\Microchip\xc8\v2.31\pic\sources\c99\common\isupper.c estimated size: 56

PIC18F4550_I2C_Source_File.c
		_I2C_Write     		CODE           	1392	0000	34
		_I2C_Stop      		CODE           	13CE	0000	20
		_I2C_Read      		CODE           	1256	0000	58
		_I2C_Ready     		CODE           	141C	0000	18
		_I2C_Init      		CODE           	13B4	0000	26
		_I2C_Repeated_Start		CODE           	1364	0000	46
		_I2C_Ack       		CODE           	13F6	0000	20
		_I2C_Nack      		CODE           	13E2	0000	20
		_I2C_Start     		CODE           	1336	0000	46

PIC18F4550_I2C_Source_File.c estimated size: 288

C:\Program Files\Microchip\xc8\v2.31\pic\sources\c99\common\nf_fputc.c
		_fputc         		CODE           	0E5A	0000	202

C:\Program Files\Microchip\xc8\v2.31\pic\sources\c99\common\nf_fputc.c estimated size: 202

shared
		__initialization		CODE           	121C	0000	44

shared estimated size: 44

C:\Program Files\Microchip\xc8\v2.31\pic\sources\c99\common\islower.c
		_islower       		CODE           	1290	0000	56

C:\Program Files\Microchip\xc8\v2.31\pic\sources\c99\common\islower.c estimated size: 56

C:\Program Files\Microchip\xc8\v2.31\pic\sources\c99\common\doprnt.c
		_vfpfcnvrt     		CODE           	0AE6	0000	464
		_pad           		CODE           	0F24	0000	198
		_vfprintf      		CODE           	0FEA	0000	98
		_xtoa          		CODE           	080E	0000	728

C:\Program Files\Microchip\xc8\v2.31\pic\sources\c99\common\doprnt.c estimated size: 1488

C:\Program Files\Microchip\xc8\v2.31\pic\sources\c99\common\nf_sprintf.c
		_sprintf       		CODE           	1104	0000	82

C:\Program Files\Microchip\xc8\v2.31\pic\sources\c99\common\nf_sprintf.c estimated size: 82

C:\Program Files\Microchip\xc8\v2.31\pic\sources\c99\common\toupper.c
		_toupper       		CODE           	104C	0000	94

C:\Program Files\Microchip\xc8\v2.31\pic\sources\c99\common\toupper.c estimated size: 94

uart_lm35.c
		_main          		CODE           	0CB6	0000	420
		_RTC_Read_Clock		CODE           	1156	0000	70
		_RTC_Read_Calendar		CODE           	10AA	0000	90

uart_lm35.c estimated size: 580

C:\Program Files\Microchip\xc8\v2.31\pic\sources\c99\common\isalpha.c
		_isalpha       		CODE           	11E0	0000	60

C:\Program Files\Microchip\xc8\v2.31\pic\sources\c99\common\isalpha.c estimated size: 60

