Microchip MPLAB XC8 Compiler V2.31

Linker command line:

-W-3 --edf=C:\Program Files\Microchip\xc8\v2.31\pic\dat\en_msgs.txt -cn \
  -h+dist/default/production\Security_pro.production.sym \
  --cmf=dist/default/production\Security_pro.production.cmf -z -Q18F4550 \
  -oC:\Users\SEBAST~1\AppData\Local\Temp\s9mg.3 --defsym=__MPLAB_BUILD=1 \
  -Mdist/default/production/Security_pro.production.map -E1 \
  -ver=XC8 Compiler --acfsm=1493 -ASTACK=0135h-07FFh -pstack=STACK \
  -ACODE=00h-07FFFh -ACONST=00h-07FFFh -ASMALLCONST=0800h-08FFhx120 \
  -AMEDIUMCONST=0800h-07FFFh -ACOMRAM=01h-05Fh -AABS1=00h-07FFh \
  -ABIGRAM=01h-07FFh -ARAM=060h-0FFh,0100h-01FFhx7 -ABANK0=060h-0FFh \
  -ABANK1=0100h-01FFh -ABANK2=0200h-02FFh -ABANK3=0300h-03FFh \
  -ABANK4=0400h-04FFh -ABANK5=0500h-05FFh -ABANK6=0600h-06FFh \
  -ABANK7=0700h-07FFh -ASFR=0F60h-0FFFh -ACONFIG=0300000h-030000Dh \
  -AIDLOC=0200000h-0200007h -AEEDATA=0F00000h-0F000FFh -peeprom_data=EEDATA \
  -preset_vec=00h,intcode,intcodelo,powerup,init -pramtop=0800h \
  -psmallconst=SMALLCONST -pmediumconst=MEDIUMCONST -pconst=CONST \
  -AFARRAM=00h-00h \
  -prdata=COMRAM,nvrram=COMRAM,nvbit=COMRAM,rbss=COMRAM,rbit=COMRAM \
  -pfarbss=FARRAM,fardata=FARRAM,nvFARRAM=FARRAM \
  -pintsave_regs=BIGRAM,bigbss=BIGRAM,bigdata=BIGRAM -pbss=RAM \
  -pidata=CODE,irdata=CODE,ibigdata=CODE,ifardata=CODE -prparam=COMRAM \
  C:\Users\SEBAST~1\AppData\Local\Temp\s9mg.o \
  dist/default/production\Security_pro.production.o 

Object code version is 3.11

Machine type is 18F4550



                Name                               Link     Load   Length Selector   Space Scale
C:\Users\SEBAST~1\AppData\Local\Temp\s9mg.o
                idloc                            200000   200000        8        0       5
                config                           300000   300000        E        0       4
                init                                  0        0        4        0       0
dist/default/production\Security_pro.production.o
                idloc                            200000   200000        8        0       5
                config                           300000   300000        E        0       4
                smallconst                          800      800       52      400       0
                text37                             1B7E     1B7E       18      D41       0
                text36                             17A4     17A4       4A      429       0
                text35                             1B48     1B48       1C      D41       0
                text34                             1BE8     1BE8       14      DD6       0
                text33                             1B2C     1B2C       1C      D41       0
                text32                             1A1C     1A1C       36      429       0
                text31                             1548     1548       8E      429       0
                text30                             17EE     17EE       48      429       0
                text29                             1B64     1B64       1A      D41       0
                text28                             18C0     18C0       40      429       0
                text27                             1BD4     1BD4       14      DD6       0
                text26                             1BC0     1BC0       14      DD6       0
                text25                             1BFC     1BFC       12      DD6       0
                text24                             193C     193C       3A      429       0
                text23                             1B0A     1B0A       22      D41       0
                text22                             1AB0     1AB0       2E      D41       0
                text21                             1A82     1A82       2E      D41       0
                text20                             1BAC     1BAC       14      DD6       0
                text19                             16F8     16F8       5A      429       0
                text18                             1836     1836       46      429       0
                text17                             1ADE     1ADE       2C      D41       0
                text16                             113A     113A      180      429       0
                text15                              FBA      FBA      180      429       0
                text14                             12BA     12BA       FE      429       0
                text13                             1900     1900       3C      429       0
                text12                             19AE     19AE       38      429       0
                text11                             1C0E     1C0E        2      DD6       0
                text10                             13B8     13B8       CA      429       0
                text9                              187C     187C       44      429       0
                text8                              19E6     19E6       36      429       0
                text7                              1482     1482       C6      429       0
                text6                              1976     1976       38      429       0
                text5                              169A     169A       5E      429       0
                text4                               852      852      2DA      429       0
                text3                               DEA      DEA      1D0      429       0
                text2                              1638     1638       62      429       0
                text1                              1752     1752       52      429       0
                text0                               B2C      B2C      2BE      429       0
                cstackCOMRAM                          1        1       5F        1       1
                cstackBANK0                          60       60       39       60       1
                dataBANK1                           120      120       15      100       1
                bssBANK1                            100      100       20      100       1
                dataBANK0                            99       99       2F       60       1
                bssBANK0                             C8       C8       2D       60       1
                cinit                              15D6     15D6       62      429       0
                idataBANK1                         1B96     1B96       15      D41       0
                idataBANK0                         1A52     1A52       2F      429       0

TOTAL           Name                               Link     Load   Length     Space
        CLASS   STACK          

        CLASS   CODE           
                init                                  0        0        4         0
                text37                             1B7E     1B7E       18         0
                text36                             17A4     17A4       4A         0
                text35                             1B48     1B48       1C         0
                text34                             1BE8     1BE8       14         0
                text33                             1B2C     1B2C       1C         0
                text32                             1A1C     1A1C       36         0
                text31                             1548     1548       8E         0
                text30                             17EE     17EE       48         0
                text29                             1B64     1B64       1A         0
                text28                             18C0     18C0       40         0
                text27                             1BD4     1BD4       14         0
                text26                             1BC0     1BC0       14         0
                text25                             1BFC     1BFC       12         0
                text24                             193C     193C       3A         0
                text23                             1B0A     1B0A       22         0
                text22                             1AB0     1AB0       2E         0
                text21                             1A82     1A82       2E         0
                text20                             1BAC     1BAC       14         0
                text19                             16F8     16F8       5A         0
                text18                             1836     1836       46         0
                text17                             1ADE     1ADE       2C         0
                text16                             113A     113A      180         0
                text15                              FBA      FBA      180         0
                text14                             12BA     12BA       FE         0
                text13                             1900     1900       3C         0
                text12                             19AE     19AE       38         0
                text11                             1C0E     1C0E        2         0
                text10                             13B8     13B8       CA         0
                text9                              187C     187C       44         0
                text8                              19E6     19E6       36         0
                text7                              1482     1482       C6         0
                text6                              1976     1976       38         0
                text5                              169A     169A       5E         0
                text4                               852      852      2DA         0
                text3                               DEA      DEA      1D0         0
                text2                              1638     1638       62         0
                text1                              1752     1752       52         0
                text0                               B2C      B2C      2BE         0
                cinit                              15D6     15D6       62         0
                idataBANK1                         1B96     1B96       15         0
                idataBANK0                         1A52     1A52       2F         0

        CLASS   CONST          

        CLASS   SMALLCONST     
                smallconst                          800      800       52         0

        CLASS   MEDIUMCONST    

        CLASS   COMRAM         
                cstackCOMRAM                          1        1       5F         1

        CLASS   ABS1           

        CLASS   BIGRAM         

        CLASS   RAM            

        CLASS   BANK0          
                cstackBANK0                          60       60       39         1
                dataBANK0                            99       99       2F         1
                bssBANK0                             C8       C8       2D         1

        CLASS   BANK1          
                dataBANK1                           120      120       15         1
                bssBANK1                            100      100       20         1

        CLASS   BANK2          

        CLASS   BANK3          

        CLASS   BANK4          

        CLASS   BANK5          

        CLASS   BANK6          

        CLASS   BANK7          

        CLASS   SFR            

        CLASS   CONFIG         
                config                           300000   300000        E         4

        CLASS   IDLOC          
                idloc                            200000   200000        8         5

        CLASS   EEDATA         

        CLASS   FARRAM         



SEGMENTS        Name                           Load    Length   Top    Selector   Space  Class

                reset_vec                      000000  000004  000004         0       0  CODE    
                cstackCOMRAM                   000001  00005F  000060         1       1  COMRAM  
                cstackBANK0                    000060  000095  0000F5        60       1  BANK0   
                bssBANK1                       000100  000035  000135       100       1  BANK1   
                smallconst                     000800  000052  000852       400       0  SMALLCON
                text4                          000852  00122F  001A81       429       0  CODE    
                text21                         001A82  000129  001BAB       D41       0  CODE    
                text20                         001BAC  000064  001C10       DD6       0  CODE    


UNUSED ADDRESS RANGES

        Name                Unused          Largest block    Delta
        BANK0            0000F5-0000FF                B
        BANK1            000135-0001FF               CB
        BANK2            000200-0002FF              100
        BANK3            000300-0003FF              100
        BANK4            000400-0004FF              100
        BANK5            000500-0005FF              100
        BANK6            000600-0006FF              100
        BANK7            000700-0007FF              100
        BIGRAM           0000F5-0000FF                B
                         000135-0007FF              6CB
        CODE             000004-0007FF              7FC
                         001A81-001A81                1
                         001BAB-001BAB                1
                         001C10-007FFF             63F0
        CONST            000004-0007FF              7FC
                         001A81-001A81                1
                         001BAB-001BAB                1
                         001C10-007FFF             63F0
        EEDATA           F00000-F000FF              100
        MEDIUMCONST      001A81-001A81                1
                         001BAB-001BAB                1
                         001C10-007FFF             63F0
        RAM              0000F5-0000FF                B
                         000135-0007FF              100
        SFR              000F60-000FFF               A0
        SMALLCONST       001A81-001A81                1
                         001BAB-001BAB                1
                         001C10-007FFF              100
        STACK            000135-0007FF              6CB

                                  Symbol Table

?_isalpha                               cstackCOMRAM 000001
?_islower                               cstackCOMRAM 000001
?_isupper                               cstackCOMRAM 000001
?_pad                                   cstackCOMRAM 000011
?_sprintf                               cstackBANK0  000060
?_strlen                                cstackCOMRAM 000001
?_toupper                               cstackCOMRAM 000007
?_vfpfcnvrt                             cstackCOMRAM 000043
?_vfprintf                              cstackCOMRAM 000056
?_xtoa                                  cstackCOMRAM 00001C
I2C_Read@buffer                         cstackCOMRAM 000002
I2C_Read@flag                           cstackCOMRAM 000001
I2C_Repeated_Start@slave_read_address   cstackCOMRAM 000002
I2C_Start@slave_write_address           cstackCOMRAM 000002
I2C_Write@data                          cstackCOMRAM 000001
LCD_Char@char_data                      cstackCOMRAM 000007
LCD_Command@cmd                         cstackCOMRAM 000007
LCD_String@msg                          cstackCOMRAM 000008
LCD_String_xy@pos                       cstackCOMRAM 00000A
LCD_String_xy@row                       cstackCOMRAM 00000D
LCD_String_xy@str                       cstackCOMRAM 00000B
MSdelay@i                               cstackCOMRAM 000003
MSdelay@j                               cstackCOMRAM 000005
MSdelay@val                             cstackCOMRAM 000001
RTC_Read_Calendar@read_calendar_address cstackCOMRAM 000004
RTC_Read_Clock@read_clock_address       cstackCOMRAM 000004
_ACKDT                                  (abs)        007E2D
_ACKEN                                  (abs)        007E2C
_ACKSTAT                                (abs)        007E2E
_ADCON0                                 (abs)        000FC2
_ADCON0bits                             (abs)        000FC2
_ADCON1                                 (abs)        000FC1
_ADCON1bits                             (abs)        000FC1
_ADCON2                                 (abs)        000FC0
_ADC_Init                               text37       001B7E
_ADON                                   (abs)        007E10
_ADRESH                                 (abs)        000FC4
_ADRESL                                 (abs)        000FC3
_ActivateAlarm                          text30       0017EE
_BAUDCONbits                            (abs)        000FB8
_Date                                   bssBANK0     0000E1
_Day                                    bssBANK0     0000E3
_GO                                     (abs)        007E11
_I2C_Ack                                text27       001BD4
_I2C_Init                               text29       001B64
_I2C_Nack                               text26       001BC0
_I2C_Read                               text24       00193C
_I2C_Ready                              text25       001BFC
_I2C_Repeated_Start                     text22       001AB0
_I2C_Start                              text21       001A82
_I2C_Stop                               text20       001BAC
_I2C_Write                              text23       001B0A
_LATA                                   (abs)        000F89
_LATC0                                  (abs)        007C58
_LATC1                                  (abs)        007C59
_LATC2                                  (abs)        007C5A
_LATD                                   (abs)        000F8C
_LATE1                                  (abs)        007C69
_LATE2                                  (abs)        007C6A
_LCD_Char                               text33       001B2C
_LCD_Clear                              text34       001BE8
_LCD_Command                            text35       001B48
_LCD_Init                               text28       0018C0
_LCD_String                             text32       001A1C
_LCD_String_xy                          text31       001548
_MSdelay                                text36       0017A4
_Month                                  bssBANK0     0000DF
_OSCCON                                 (abs)        000FD3
_PEN                                    (abs)        007E2A
_PORTAbits                              (abs)        000F80
_PORTEbits                              (abs)        000F84
_RCEN                                   (abs)        007E2B
_RCSTAbits                              (abs)        000FAB
_RSEN                                   (abs)        007E29
_RTC_Read_Calendar                      text19       0016F8
_RTC_Read_Clock                         text18       001836
_SPBRG                                  (abs)        000FAF
_SSPADD                                 (abs)        000FC8
_SSPBUF                                 (abs)        000FC9
_SSPCON1                                (abs)        000FC6
_SSPCON2                                (abs)        000FC5
_SSPCON2bits                            (abs)        000FC5
_SSPIE                                  (abs)        007CEB
_SSPIF                                  (abs)        007CF3
_SSPSTAT                                (abs)        000FC7
_SSPSTATbits                            (abs)        000FC7
_TRISA                                  (abs)        000F92
_TRISAbits                              (abs)        000F92
_TRISB0                                 (abs)        007C98
_TRISB1                                 (abs)        007C99
_TRISCbits                              (abs)        000F94
_TRISD                                  (abs)        000F95
_TRISE                                  (abs)        000F96
_TXREG                                  (abs)        000FAD
_TXSTAbits                              (abs)        000FAC
_Year                                   bssBANK0     0000DD
__HRAM                                  (abs)        000000
__Habs1                                 abs1         000000
__Hbank0                                bank0        000000
__Hbank1                                bank1        000000
__Hbank2                                bank2        000000
__Hbank3                                bank3        000000
__Hbank4                                bank4        000000
__Hbank5                                bank5        000000
__Hbank6                                bank6        000000
__Hbank7                                bank7        000000
__Hbigbss                               bigbss       000000
__Hbigdata                              bigdata      000000
__Hbigram                               bigram       000000
__Hbss                                  bss          000000
__HbssBANK0                             bssBANK0     000000
__HbssBANK1                             bssBANK1     000000
__Hcinit                                cinit        000000
__Hclrtext                              clrtext      000000
__Hcomram                               comram       000000
__Hconfig                               config       30000E
__Hconst                                const        000000
__HcstackBANK0                          cstackBANK0  000000
__HcstackCOMRAM                         cstackCOMRAM 000000
__Hdata                                 data         000000
__HdataBANK0                            dataBANK0    000000
__HdataBANK1                            dataBANK1    000000
__Heeprom_data                          eeprom_data  000000
__Hfarbss                               farbss       000000
__Hfardata                              fardata      000000
__Hibigdata                             ibigdata     000000
__Hidata                                idata        000000
__HidataBANK0                           idataBANK0   000000
__HidataBANK1                           idataBANK1   000000
__Hidloc                                idloc        200008
__Hifardata                             ifardata     000000
__Hinit                                 init         000004
__Hintcode                              intcode      000000
__Hintcode_body                         intcode_body 000000
__Hintcodelo                            intcodelo    000000
__Hintentry                             intentry     000000
__Hintret                               intret       000000
__Hintsave_regs                         intsave_regs 000000
__Hirdata                               irdata       000000
__Hmediumconst                          mediumconst  000000
__HnvFARRAM                             nvFARRAM     000000
__Hnvbit                                nvbit        000000
__Hnvrram                               nvrram       000000
__Hparam                                rparam       000000
__Hpowerup                              powerup      000000
__Hram                                  ram          000000
__Hramtop                               ramtop       000800
__Hrbit                                 rbit         000000
__Hrbss                                 rbss         000000
__Hrdata                                rdata        000000
__Hreset_vec                            reset_vec    000000
__Hrparam                               rparam       000000
__Hsfr                                  sfr          000000
__Hsmallconst                           smallconst   000852
__Hspace_0                              (abs)        001C10
__Hspace_1                              (abs)        000135
__Hspace_2                              (abs)        000000
__Hspace_4                              (abs)        60000E
__Hstack                                stack        000000
__Hstruct                               struct       000000
__Htemp                                 temp         000000
__Htext                                 text         000000
__Htext0                                text0        000000
__Htext1                                text1        000000
__Htext10                               text10       000000
__Htext11                               text11       000000
__Htext12                               text12       000000
__Htext13                               text13       000000
__Htext14                               text14       000000
__Htext15                               text15       000000
__Htext16                               text16       000000
__Htext17                               text17       000000
__Htext18                               text18       000000
__Htext19                               text19       000000
__Htext2                                text2        000000
__Htext20                               text20       000000
__Htext21                               text21       000000
__Htext22                               text22       000000
__Htext23                               text23       000000
__Htext24                               text24       000000
__Htext25                               text25       000000
__Htext26                               text26       000000
__Htext27                               text27       000000
__Htext28                               text28       000000
__Htext29                               text29       000000
__Htext3                                text3        000000
__Htext30                               text30       000000
__Htext31                               text31       000000
__Htext32                               text32       000000
__Htext33                               text33       000000
__Htext34                               text34       000000
__Htext35                               text35       000000
__Htext36                               text36       000000
__Htext37                               text37       000000
__Htext4                                text4        000000
__Htext5                                text5        000000
__Htext6                                text6        000000
__Htext7                                text7        000000
__Htext8                                text8        000000
__Htext9                                text9        000000
__LRAM                                  (abs)        000001
__Labs1                                 abs1         000000
__Lbank0                                bank0        000000
__Lbank1                                bank1        000000
__Lbank2                                bank2        000000
__Lbank3                                bank3        000000
__Lbank4                                bank4        000000
__Lbank5                                bank5        000000
__Lbank6                                bank6        000000
__Lbank7                                bank7        000000
__Lbigbss                               bigbss       000000
__Lbigdata                              bigdata      000000
__Lbigram                               bigram       000000
__Lbss                                  bss          000000
__LbssBANK0                             bssBANK0     000000
__LbssBANK1                             bssBANK1     000000
__Lcinit                                cinit        000000
__Lclrtext                              clrtext      000000
__Lcomram                               comram       000000
__Lconfig                               config       000000
__Lconst                                const        000000
__LcstackBANK0                          cstackBANK0  000000
__LcstackCOMRAM                         cstackCOMRAM 000000
__Ldata                                 data         000000
__LdataBANK0                            dataBANK0    000000
__LdataBANK1                            dataBANK1    000000
__Leeprom_data                          eeprom_data  000000
__Lfarbss                               farbss       000000
__Lfardata                              fardata      000000
__Libigdata                             ibigdata     000000
__Lidata                                idata        000000
__LidataBANK0                           idataBANK0   000000
__LidataBANK1                           idataBANK1   000000
__Lidloc                                idloc        000000
__Lifardata                             ifardata     000000
__Linit                                 init         000000
__Lintcode                              intcode      000000
__Lintcode_body                         intcode_body 000000
__Lintcodelo                            intcodelo    000000
__Lintentry                             intentry     000000
__Lintret                               intret       000000
__Lintsave_regs                         intsave_regs 000000
__Lirdata                               irdata       000000
__Lmediumconst                          mediumconst  000000
__LnvFARRAM                             nvFARRAM     000000
__Lnvbit                                nvbit        000000
__Lnvrram                               nvrram       000000
__Lparam                                rparam       000000
__Lpowerup                              powerup      000000
__Lram                                  ram          000000
__Lramtop                               ramtop       000800
__Lrbit                                 rbit         000000
__Lrbss                                 rbss         000000
__Lrdata                                rdata        000000
__Lreset_vec                            reset_vec    000000
__Lrparam                               rparam       000000
__Lsfr                                  sfr          000000
__Lsmallconst                           smallconst   000800
__Lspace_0                              (abs)        000000
__Lspace_1                              (abs)        000000
__Lspace_2                              (abs)        000000
__Lspace_4                              (abs)        000000
__Lstack                                stack        000000
__Lstruct                               struct       000000
__Ltemp                                 temp         000000
__Ltext                                 text         000000
__Ltext0                                text0        000000
__Ltext1                                text1        000000
__Ltext10                               text10       000000
__Ltext11                               text11       000000
__Ltext12                               text12       000000
__Ltext13                               text13       000000
__Ltext14                               text14       000000
__Ltext15                               text15       000000
__Ltext16                               text16       000000
__Ltext17                               text17       000000
__Ltext18                               text18       000000
__Ltext19                               text19       000000
__Ltext2                                text2        000000
__Ltext20                               text20       000000
__Ltext21                               text21       000000
__Ltext22                               text22       000000
__Ltext23                               text23       000000
__Ltext24                               text24       000000
__Ltext25                               text25       000000
__Ltext26                               text26       000000
__Ltext27                               text27       000000
__Ltext28                               text28       000000
__Ltext29                               text29       000000
__Ltext3                                text3        000000
__Ltext30                               text30       000000
__Ltext31                               text31       000000
__Ltext32                               text32       000000
__Ltext33                               text33       000000
__Ltext34                               text34       000000
__Ltext35                               text35       000000
__Ltext36                               text36       000000
__Ltext37                               text37       000000
__Ltext4                                text4        000000
__Ltext5                                text5        000000
__Ltext6                                text6        000000
__Ltext7                                text7        000000
__Ltext8                                text8        000000
__Ltext9                                text9        000000
__S0                                    (abs)        001C10
__S1                                    (abs)        000135
__S2                                    (abs)        000000
__S4                                    (abs)        000000
__S5                                    (abs)        000000
___inthi_sp                             stack        000000
___intlo_sp                             stack        000000
___param_bank                           (abs)        000000
___rparam_used                          (abs)        000001
___sp                                   stack        000000
__accesstop                             (abs)        000060
__activetblptr                          (abs)        000002
__end_of_ADC_Init                       text37       001B96
__end_of_ActivateAlarm                  text30       001836
__end_of_I2C_Ack                        text27       001BE8
__end_of_I2C_Init                       text29       001B7E
__end_of_I2C_Nack                       text26       001BD4
__end_of_I2C_Read                       text24       001976
__end_of_I2C_Ready                      text25       001C0E
__end_of_I2C_Repeated_Start             text22       001ADE
__end_of_I2C_Start                      text21       001AB0
__end_of_I2C_Stop                       text20       001BC0
__end_of_I2C_Write                      text23       001B2C
__end_of_LCD_Char                       text33       001B48
__end_of_LCD_Clear                      text34       001BFC
__end_of_LCD_Command                    text35       001B64
__end_of_LCD_Init                       text28       001900
__end_of_LCD_String                     text32       001A52
__end_of_LCD_String_xy                  text31       0015D6
__end_of_MSdelay                        text36       0017EE
__end_of_RTC_Read_Calendar              text19       001752
__end_of_RTC_Read_Clock                 text18       00187C
__end_of__initialization                cinit        00162E
__end_of_desactivarAlarm                text17       001B0A
__end_of_fputc                          text10       001482
__end_of_fputs                          text9        0018C0
__end_of_isalpha                        text13       00193C
__end_of_islower                        text6        0019AE
__end_of_isupper                        text12       0019E6
__end_of_main                           text0        000DEA
__end_of_pad                            text7        001548
__end_of_protocoloFDS                   text16       0012BA
__end_of_protocoloNoche                 text15       00113A
__end_of_protocoloProtocoloDia          text14       0013B8
__end_of_putch                          text11       001C10
__end_of_sprintf                        text1        0017A4
__end_of_strlen                         text8        001A1C
__end_of_toupper                        text5        0016F8
__end_of_vfpfcnvrt                      text3        000FBA
__end_of_vfprintf                       text2        00169A
__end_of_xtoa                           text4        000B2C
__initialization                        cinit        0015D6
__mediumconst                           mediumconst  000000
__pbssBANK0                             bssBANK0     0000C8
__pbssBANK1                             bssBANK1     000100
__pcinit                                cinit        0015D6
__pcstackBANK0                          cstackBANK0  000060
__pcstackCOMRAM                         cstackCOMRAM 000001
__pdataBANK0                            dataBANK0    000099
__pdataBANK1                            dataBANK1    000120
__pidataBANK0                           idataBANK0   001A52
__pidataBANK1                           idataBANK1   001B96
__psmallconst                           smallconst   000800
__ptext0                                text0        000B2C
__ptext1                                text1        001752
__ptext10                               text10       0013B8
__ptext11                               text11       001C0E
__ptext12                               text12       0019AE
__ptext13                               text13       001900
__ptext14                               text14       0012BA
__ptext15                               text15       000FBA
__ptext16                               text16       00113A
__ptext17                               text17       001ADE
__ptext18                               text18       001836
__ptext19                               text19       0016F8
__ptext2                                text2        001638
__ptext20                               text20       001BAC
__ptext21                               text21       001A82
__ptext22                               text22       001AB0
__ptext23                               text23       001B0A
__ptext24                               text24       00193C
__ptext25                               text25       001BFC
__ptext26                               text26       001BC0
__ptext27                               text27       001BD4
__ptext28                               text28       0018C0
__ptext29                               text29       001B64
__ptext3                                text3        000DEA
__ptext30                               text30       0017EE
__ptext31                               text31       001548
__ptext32                               text32       001A1C
__ptext33                               text33       001B2C
__ptext34                               text34       001BE8
__ptext35                               text35       001B48
__ptext36                               text36       0017A4
__ptext37                               text37       001B7E
__ptext4                                text4        000852
__ptext5                                text5        00169A
__ptext6                                text6        001976
__ptext7                                text7        001482
__ptext8                                text8        0019E6
__ptext9                                text9        00187C
__ramtop                                ramtop       000800
__size_of_ADC_Init                      (abs)        000000
__size_of_ActivateAlarm                 (abs)        000000
__size_of_I2C_Ack                       (abs)        000000
__size_of_I2C_Init                      (abs)        000000
__size_of_I2C_Nack                      (abs)        000000
__size_of_I2C_Read                      (abs)        000000
__size_of_I2C_Ready                     (abs)        000000
__size_of_I2C_Repeated_Start            (abs)        000000
__size_of_I2C_Start                     (abs)        000000
__size_of_I2C_Stop                      (abs)        000000
__size_of_I2C_Write                     (abs)        000000
__size_of_LCD_Char                      (abs)        000000
__size_of_LCD_Clear                     (abs)        000000
__size_of_LCD_Command                   (abs)        000000
__size_of_LCD_Init                      (abs)        000000
__size_of_LCD_String                    (abs)        000000
__size_of_LCD_String_xy                 (abs)        000000
__size_of_MSdelay                       (abs)        000000
__size_of_RTC_Read_Calendar             (abs)        000000
__size_of_RTC_Read_Clock                (abs)        000000
__size_of_desactivarAlarm               (abs)        000000
__size_of_fputc                         (abs)        000000
__size_of_fputs                         (abs)        000000
__size_of_isalpha                       (abs)        000000
__size_of_islower                       (abs)        000000
__size_of_isupper                       (abs)        000000
__size_of_main                          (abs)        000000
__size_of_pad                           (abs)        000000
__size_of_protocoloFDS                  (abs)        000000
__size_of_protocoloNoche                (abs)        000000
__size_of_protocoloProtocoloDia         (abs)        000000
__size_of_putch                         (abs)        000000
__size_of_sprintf                       (abs)        000000
__size_of_strlen                        (abs)        000000
__size_of_toupper                       (abs)        000000
__size_of_vfpfcnvrt                     (abs)        000000
__size_of_vfprintf                      (abs)        000000
__size_of_xtoa                          (abs)        000000
__smallconst                            smallconst   000800
_buffer_TX                              dataBANK1    000120
_character1                             dataBANK0    0000B1
_character2                             dataBANK0    0000A9
_character3                             dataBANK0    0000A1
_character4                             dataBANK0    000099
_clave1                                 dataBANK0    0000C7
_clave1check                            bssBANK0     0000DB
_clave2                                 dataBANK0    0000C6
_clave2check                            bssBANK0     0000D9
_clave3                                 dataBANK0    0000C5
_clave3check                            bssBANK0     0000D7
_clavechecktotal                        bssBANK0     0000D5
_countinclave                           bssBANK0     0000F3
_dbuf                                   bssBANK1     000100
_desactivarAlarm                        text17       001ADE
_direccion1                             dataBANK0    0000C4
_direccion2                             dataBANK0    0000C3
_direccion3                             dataBANK0    0000C2
_estado_alarma                          dataBANK0    0000C0
_flags                                  bssBANK0     0000D3
_fputc                                  text10       0013B8
_fputs                                  text9        00187C
_hour                                   bssBANK0     0000E5
_inclave                                bssBANK0     0000C8
_isalpha                                text13       001900
_islower                                text6        001976
_isupper                                text12       0019AE
_main                                   text0        000B2C
_min                                    bssBANK0     0000E7
_nout                                   bssBANK0     0000CD
_pad                                    text7        001482
_prec                                   bssBANK0     0000D1
_protocoloFDS                           text16       00113A
_protocoloNoche                         text15       000FBA
_protocoloProtocoloDia                  text14       0012BA
_putch                                  text11       001C0E
_sec                                    bssBANK0     0000E9
_sprintf                                text1        001752
_strlen                                 text8        0019E6
_tecla                                  bssBANK0     0000F4
_toupper                                text5        00169A
_toupper$1593                           cstackCOMRAM 00000D
_vfpfcnvrt                              text3        000DEA
_vfprintf                               text2        001638
_width                                  bssBANK0     0000CF
_xtoa                                   text4        000852
_xtoa$1510                              cstackCOMRAM 00002F
_xtoa$1511                              cstackCOMRAM 000031
end_of_initialization                   cinit        00162E
fputc@c                                 cstackCOMRAM 000001
fputc@fp                                cstackCOMRAM 000003
fputs@c                                 cstackCOMRAM 00000E
fputs@fp                                cstackCOMRAM 00000C
fputs@i                                 cstackCOMRAM 00000F
fputs@s                                 cstackCOMRAM 00000A
intlevel0                               text         000000
intlevel1                               text         000000
intlevel2                               text         000000
intlevel3                               text         000000
isalpha@c                               cstackCOMRAM 000001
islower@c                               cstackCOMRAM 000001
isupper@c                               cstackCOMRAM 000001
main@AM_PM                              cstackBANK0  000096
main@F3747                              dataBANK0    0000B9
main@days                               cstackBANK0  00008E
main@flag                               cstackBANK0  000097
main@hours                              cstackBANK0  000084
main@mins                               cstackBANK0  00007A
main@secs                               cstackBANK0  000070
pad@buf                                 cstackCOMRAM 000013
pad@fp                                  cstackCOMRAM 000011
pad@i                                   cstackCOMRAM 000018
pad@p                                   cstackCOMRAM 000015
pad@w                                   cstackCOMRAM 00001A
protocoloFDS@buffer_TX                  cstackCOMRAM 00000E
protocoloFDS@buffer_TX_959              cstackCOMRAM 00000F
protocoloFDS@i                          cstackCOMRAM 000010
protocoloNoche@buffer_TX                cstackCOMRAM 00000E
protocoloNoche@buffer_TX_984            cstackCOMRAM 00000F
protocoloNoche@i                        cstackCOMRAM 000010
sprintf@ap                              cstackBANK0  000068
sprintf@f                               cstackBANK0  00006A
sprintf@fmt                             cstackBANK0  000062
sprintf@s                               cstackBANK0  000060
stackhi                                 (abs)        0007FF
stacklo                                 (abs)        000135
start                                   init         000000
start_initialization                    cinit        0015D6
strlen@a                                cstackCOMRAM 000003
strlen@s                                cstackCOMRAM 000001
toupper@c                               cstackCOMRAM 000007
vfpfcnvrt@ap                            cstackCOMRAM 000047
vfpfcnvrt@c                             cstackCOMRAM 000055
vfpfcnvrt@fmt                           cstackCOMRAM 000045
vfpfcnvrt@fp                            cstackCOMRAM 000043
vfpfcnvrt@llu                           cstackCOMRAM 00004D
vfprintf@ap                             cstackCOMRAM 00005A
vfprintf@cfmt                           cstackCOMRAM 00005C
vfprintf@fmt                            cstackCOMRAM 000058
vfprintf@fp                             cstackCOMRAM 000056
xtoa@c                                  cstackCOMRAM 000041
xtoa@d                                  cstackCOMRAM 00001E
xtoa@fp                                 cstackCOMRAM 00001C
xtoa@i                                  cstackCOMRAM 00003F
xtoa@n                                  cstackCOMRAM 000037
xtoa@p                                  cstackCOMRAM 000033
xtoa@w                                  cstackCOMRAM 000035
xtoa@x                                  cstackCOMRAM 000026


FUNCTION INFORMATION:

 *************** function _main *****************
 Defined at:
		line 113 in file "Controler.c"
 Parameters:    Size  Location     Type
		None
 Auto vars:     Size  Location     Type
  hours          10   36[BANK0 ] unsigned char [10]
  mins           10   26[BANK0 ] unsigned char [10]
  secs           10   16[BANK0 ] unsigned char [10]
  year           10    0        unsigned char [10]
  month          10    0        unsigned char [10]
  date           10    0        unsigned char [10]
  days            7   46[BANK0 ] unsigned char [7]
  flag            2   55[BANK0 ] int 
  AM_PM           1   54[BANK0 ] unsigned char 
  Clock_type      1    0        unsigned char 
  i               1    0        unsigned char 
 Return value:  Size  Location     Type
                  1    wreg      void 
 Registers used:
		wreg, fsr1l, fsr1h, fsr2l, fsr2h, status,2, status,0, tblptrl, tblptrh, tblptru, cstack
 Tracked objects:
		On entry : 
		On exit  : 
		Unchanged: 
 Data sizes:     COMRAM   BANK0   BANK1   BANK2   BANK3   BANK4   BANK5   BANK6   BANK7
      Params:         0       0       0       0       0       0       0       0       0
      Locals:         0      41       0       0       0       0       0       0       0
      Temps:          2       0       0       0       0       0       0       0       0
      Totals:         2      41       0       0       0       0       0       0       0
Total ram usage:       43 bytes
 Hardware stack levels required when called:    8
 This function calls:
		_ADC_Init
		_ActivateAlarm
		_I2C_Init
		_I2C_Stop
		_LCD_Clear
		_LCD_Init
		_MSdelay
		_RTC_Read_Calendar
		_RTC_Read_Clock
		_desactivarAlarm
		_protocoloFDS
		_protocoloNoche
		_protocoloProtocoloDia
		_sprintf
 This function is called by:
		Startup code after reset
 This function uses a non-reentrant model


 *************** function _sprintf *****************
 Defined at:
		line 9 in file "C:\Program Files\Microchip\xc8\v2.31\pic\sources\c99\common\nf_sprintf.c"
 Parameters:    Size  Location     Type
  s               2    0[BANK0 ] PTR unsigned char 
		 -> main@hours(10), main@mins(10), main@secs(10), 
  fmt             2    2[BANK0 ] PTR const unsigned char 
		 -> STR_3(3), STR_2(4), STR_1(4), 
 Auto vars:     Size  Location     Type
  f               6   10[BANK0 ] struct _IO_FILE
  ap              2    8[BANK0 ] PTR void [1]
		 -> ?_sprintf(2), 
  ret             2    0        int 
 Return value:  Size  Location     Type
                  2    0[BANK0 ] int 
 Registers used:
		wreg, fsr1l, fsr1h, fsr2l, fsr2h, status,2, status,0, tblptrl, tblptrh, tblptru, cstack
 Tracked objects:
		On entry : 
		On exit  : 
		Unchanged: 
 Data sizes:     COMRAM   BANK0   BANK1   BANK2   BANK3   BANK4   BANK5   BANK6   BANK7
      Params:         0       6       0       0       0       0       0       0       0
      Locals:         0      10       0       0       0       0       0       0       0
      Temps:          0       0       0       0       0       0       0       0       0
      Totals:         0      16       0       0       0       0       0       0       0
Total ram usage:       16 bytes
 Hardware stack levels used:    1
 Hardware stack levels required when called:    7
 This function calls:
		_vfprintf
 This function is called by:
		_main
 This function uses a non-reentrant model


 *************** function _vfprintf *****************
 Defined at:
		line 1390 in file "C:\Program Files\Microchip\xc8\v2.31\pic\sources\c99\common\doprnt.c"
 Parameters:    Size  Location     Type
  fp              2   85[COMRAM] PTR struct _IO_FILE
		 -> sprintf@f(6), 
  fmt             2   87[COMRAM] PTR const unsigned char 
		 -> STR_3(3), STR_2(4), STR_1(4), 
  ap              2   89[COMRAM] PTR PTR void 
		 -> sprintf@ap(2), 
 Auto vars:     Size  Location     Type
  cfmt            2   91[COMRAM] PTR unsigned char 
		 -> STR_3(3), STR_2(4), STR_1(4), 
 Return value:  Size  Location     Type
                  2   85[COMRAM] int 
 Registers used:
		wreg, fsr1l, fsr1h, fsr2l, fsr2h, status,2, status,0, tblptrl, tblptrh, tblptru, cstack
 Tracked objects:
		On entry : 
		On exit  : 
		Unchanged: 
 Data sizes:     COMRAM   BANK0   BANK1   BANK2   BANK3   BANK4   BANK5   BANK6   BANK7
      Params:         6       0       0       0       0       0       0       0       0
      Locals:         2       0       0       0       0       0       0       0       0
      Temps:          0       0       0       0       0       0       0       0       0
      Totals:         8       0       0       0       0       0       0       0       0
Total ram usage:        8 bytes
 Hardware stack levels used:    1
 Hardware stack levels required when called:    6
 This function calls:
		_vfpfcnvrt
 This function is called by:
		_sprintf
 This function uses a non-reentrant model


 *************** function _vfpfcnvrt *****************
 Defined at:
		line 692 in file "C:\Program Files\Microchip\xc8\v2.31\pic\sources\c99\common\doprnt.c"
 Parameters:    Size  Location     Type
  fp              2   66[COMRAM] PTR struct _IO_FILE
		 -> sprintf@f(6), 
  fmt             2   68[COMRAM] PTR PTR unsigned char 
		 -> vfprintf@cfmt(2), 
  ap              2   70[COMRAM] PTR PTR void 
		 -> sprintf@ap(2), 
 Auto vars:     Size  Location     Type
  llu             8   76[COMRAM] unsigned long long 
  ll              8    0        long long 
  f               4    0        long long 
  vp              3    0        PTR void 
  ct              3    0        unsigned char [3]
  cp              3    0        PTR unsigned char 
  i               2    0        int 
  done            2    0        int 
  c               1   84[COMRAM] unsigned char 
 Return value:  Size  Location     Type
                  2   66[COMRAM] int 
 Registers used:
		wreg, fsr1l, fsr1h, fsr2l, fsr2h, status,2, status,0, tblptrl, tblptrh, tblptru, cstack
 Tracked objects:
		On entry : 
		On exit  : 
		Unchanged: 
 Data sizes:     COMRAM   BANK0   BANK1   BANK2   BANK3   BANK4   BANK5   BANK6   BANK7
      Params:         6       0       0       0       0       0       0       0       0
      Locals:         9       0       0       0       0       0       0       0       0
      Temps:          4       0       0       0       0       0       0       0       0
      Totals:        19       0       0       0       0       0       0       0       0
Total ram usage:       19 bytes
 Hardware stack levels used:    1
 Hardware stack levels required when called:    5
 This function calls:
		_fputc
		_xtoa
 This function is called by:
		_vfprintf
 This function uses a non-reentrant model


 *************** function _xtoa *****************
 Defined at:
		line 645 in file "C:\Program Files\Microchip\xc8\v2.31\pic\sources\c99\common\doprnt.c"
 Parameters:    Size  Location     Type
  fp              2   27[COMRAM] PTR struct _IO_FILE
		 -> sprintf@f(6), 
  d               8   29[COMRAM] unsigned long long 
  x               1   37[COMRAM] unsigned char 
 Auto vars:     Size  Location     Type
  n               8   54[COMRAM] unsigned long long 
  c               2   64[COMRAM] int 
  i               2   62[COMRAM] int 
  w               2   52[COMRAM] int 
  p               2   50[COMRAM] int 
 Return value:  Size  Location     Type
                  2   27[COMRAM] int 
 Registers used:
		wreg, fsr1l, fsr1h, fsr2l, fsr2h, status,2, status,0, cstack
 Tracked objects:
		On entry : 
		On exit  : 
		Unchanged: 
 Data sizes:     COMRAM   BANK0   BANK1   BANK2   BANK3   BANK4   BANK5   BANK6   BANK7
      Params:        11       0       0       0       0       0       0       0       0
      Locals:        20       0       0       0       0       0       0       0       0
      Temps:          8       0       0       0       0       0       0       0       0
      Totals:        39       0       0       0       0       0       0       0       0
Total ram usage:       39 bytes
 Hardware stack levels used:    1
 Hardware stack levels required when called:    4
 This function calls:
		_isalpha
		_isupper
		_pad
		_toupper
 This function is called by:
		_vfpfcnvrt
 This function uses a non-reentrant model


 *************** function _toupper *****************
 Defined at:
		line 4 in file "C:\Program Files\Microchip\xc8\v2.31\pic\sources\c99\common\toupper.c"
 Parameters:    Size  Location     Type
  c               2    6[COMRAM] int 
 Auto vars:     Size  Location     Type
		None
 Return value:  Size  Location     Type
                  2    6[COMRAM] int 
 Registers used:
		wreg, status,2, status,0
 Tracked objects:
		On entry : 
		On exit  : 
		Unchanged: 
 Data sizes:     COMRAM   BANK0   BANK1   BANK2   BANK3   BANK4   BANK5   BANK6   BANK7
      Params:         2       0       0       0       0       0       0       0       0
      Locals:         2       0       0       0       0       0       0       0       0
      Temps:          4       0       0       0       0       0       0       0       0
      Totals:         8       0       0       0       0       0       0       0       0
Total ram usage:        8 bytes
 Hardware stack levels used:    1
 Hardware stack levels required when called:    1
 This function calls:
		_islower
 This function is called by:
		_xtoa
 This function uses a non-reentrant model


 *************** function _islower *****************
 Defined at:
		line 5 in file "C:\Program Files\Microchip\xc8\v2.31\pic\sources\c99\common\islower.c"
 Parameters:    Size  Location     Type
  c               2    0[COMRAM] int 
 Auto vars:     Size  Location     Type
		None
 Return value:  Size  Location     Type
                  2    0[COMRAM] int 
 Registers used:
		wreg, status,2, status,0
 Tracked objects:
		On entry : 
		On exit  : 
		Unchanged: 
 Data sizes:     COMRAM   BANK0   BANK1   BANK2   BANK3   BANK4   BANK5   BANK6   BANK7
      Params:         2       0       0       0       0       0       0       0       0
      Locals:         0       0       0       0       0       0       0       0       0
      Temps:          4       0       0       0       0       0       0       0       0
      Totals:         6       0       0       0       0       0       0       0       0
Total ram usage:        6 bytes
 Hardware stack levels used:    1
 This function calls:
		Nothing
 This function is called by:
		_toupper
 This function uses a non-reentrant model


 *************** function _pad *****************
 Defined at:
		line 72 in file "C:\Program Files\Microchip\xc8\v2.31\pic\sources\c99\common\doprnt.c"
 Parameters:    Size  Location     Type
  fp              2   16[COMRAM] PTR struct _IO_FILE
		 -> sprintf@f(6), 
  buf             2   18[COMRAM] PTR unsigned char 
		 -> dbuf(32), 
  p               2   20[COMRAM] int 
 Auto vars:     Size  Location     Type
  w               2   25[COMRAM] int 
  i               2   23[COMRAM] int 
 Return value:  Size  Location     Type
                  2   16[COMRAM] int 
 Registers used:
		wreg, fsr1l, fsr1h, fsr2l, fsr2h, status,2, status,0, cstack
 Tracked objects:
		On entry : 
		On exit  : 
		Unchanged: 
 Data sizes:     COMRAM   BANK0   BANK1   BANK2   BANK3   BANK4   BANK5   BANK6   BANK7
      Params:         6       0       0       0       0       0       0       0       0
      Locals:         4       0       0       0       0       0       0       0       0
      Temps:          1       0       0       0       0       0       0       0       0
      Totals:        11       0       0       0       0       0       0       0       0
Total ram usage:       11 bytes
 Hardware stack levels used:    1
 Hardware stack levels required when called:    3
 This function calls:
		_fputc
		_fputs
		_strlen
 This function is called by:
		_xtoa
 This function uses a non-reentrant model


 *************** function _strlen *****************
 Defined at:
		line 5 in file "C:\Program Files\Microchip\xc8\v2.31\pic\sources\c99\common\strlen.c"
 Parameters:    Size  Location     Type
  s               2    0[COMRAM] PTR const unsigned char 
		 -> dbuf(32), 
 Auto vars:     Size  Location     Type
  a               2    2[COMRAM] PTR const unsigned char 
		 -> dbuf(32), 
 Return value:  Size  Location     Type
                  2    0[COMRAM] unsigned int 
 Registers used:
		wreg, fsr2l, fsr2h, status,2, status,0
 Tracked objects:
		On entry : 
		On exit  : 
		Unchanged: 
 Data sizes:     COMRAM   BANK0   BANK1   BANK2   BANK3   BANK4   BANK5   BANK6   BANK7
      Params:         2       0       0       0       0       0       0       0       0
      Locals:         2       0       0       0       0       0       0       0       0
      Temps:          0       0       0       0       0       0       0       0       0
      Totals:         4       0       0       0       0       0       0       0       0
Total ram usage:        4 bytes
 Hardware stack levels used:    1
 This function calls:
		Nothing
 This function is called by:
		_pad
 This function uses a non-reentrant model


 *************** function _fputs *****************
 Defined at:
		line 8 in file "C:\Program Files\Microchip\xc8\v2.31\pic\sources\c99\common\nf_fputs.c"
 Parameters:    Size  Location     Type
  s               2    9[COMRAM] PTR const unsigned char 
		 -> dbuf(32), 
  fp              2   11[COMRAM] PTR struct _IO_FILE
		 -> sprintf@f(6), 
 Auto vars:     Size  Location     Type
  i               2   14[COMRAM] int 
  c               1   13[COMRAM] unsigned char 
 Return value:  Size  Location     Type
                  2    9[COMRAM] int 
 Registers used:
		wreg, fsr1l, fsr1h, fsr2l, fsr2h, status,2, status,0, cstack
 Tracked objects:
		On entry : 
		On exit  : 
		Unchanged: 
 Data sizes:     COMRAM   BANK0   BANK1   BANK2   BANK3   BANK4   BANK5   BANK6   BANK7
      Params:         4       0       0       0       0       0       0       0       0
      Locals:         3       0       0       0       0       0       0       0       0
      Temps:          0       0       0       0       0       0       0       0       0
      Totals:         7       0       0       0       0       0       0       0       0
Total ram usage:        7 bytes
 Hardware stack levels used:    1
 Hardware stack levels required when called:    2
 This function calls:
		_fputc
 This function is called by:
		_pad
 This function uses a non-reentrant model


 *************** function _fputc *****************
 Defined at:
		line 8 in file "C:\Program Files\Microchip\xc8\v2.31\pic\sources\c99\common\nf_fputc.c"
 Parameters:    Size  Location     Type
  c               2    0[COMRAM] int 
  fp              2    2[COMRAM] PTR struct _IO_FILE
		 -> sprintf@f(6), 
 Auto vars:     Size  Location     Type
		None
 Return value:  Size  Location     Type
                  2    0[COMRAM] int 
 Registers used:
		wreg, fsr1l, fsr1h, fsr2l, fsr2h, status,2, status,0, cstack
 Tracked objects:
		On entry : 
		On exit  : 
		Unchanged: 
 Data sizes:     COMRAM   BANK0   BANK1   BANK2   BANK3   BANK4   BANK5   BANK6   BANK7
      Params:         4       0       0       0       0       0       0       0       0
      Locals:         0       0       0       0       0       0       0       0       0
      Temps:          5       0       0       0       0       0       0       0       0
      Totals:         9       0       0       0       0       0       0       0       0
Total ram usage:        9 bytes
 Hardware stack levels used:    1
 Hardware stack levels required when called:    1
 This function calls:
		_putch
 This function is called by:
		_pad
		_vfpfcnvrt
		_fputs
 This function uses a non-reentrant model


 *************** function _putch *****************
 Defined at:
		line 7 in file "C:\Program Files\Microchip\xc8\v2.31\pic\sources\c99\common\putch.c"
 Parameters:    Size  Location     Type
  c               1    wreg     unsigned char 
 Auto vars:     Size  Location     Type
  c               1    0[COMRAM] unsigned char 
 Return value:  Size  Location     Type
                  1    wreg      void 
 Registers used:
		wreg
 Tracked objects:
		On entry : 
		On exit  : 
		Unchanged: 
 Data sizes:     COMRAM   BANK0   BANK1   BANK2   BANK3   BANK4   BANK5   BANK6   BANK7
      Params:         0       0       0       0       0       0       0       0       0
      Locals:         0       0       0       0       0       0       0       0       0
      Temps:          0       0       0       0       0       0       0       0       0
      Totals:         0       0       0       0       0       0       0       0       0
Total ram usage:        0 bytes
 Hardware stack levels used:    1
 This function calls:
		Nothing
 This function is called by:
		_fputc
 This function uses a non-reentrant model


 *************** function _isupper *****************
 Defined at:
		line 5 in file "C:\Program Files\Microchip\xc8\v2.31\pic\sources\c99\common\isupper.c"
 Parameters:    Size  Location     Type
  c               2    0[COMRAM] int 
 Auto vars:     Size  Location     Type
		None
 Return value:  Size  Location     Type
                  2    0[COMRAM] int 
 Registers used:
		wreg, status,2, status,0
 Tracked objects:
		On entry : 
		On exit  : 
		Unchanged: 
 Data sizes:     COMRAM   BANK0   BANK1   BANK2   BANK3   BANK4   BANK5   BANK6   BANK7
      Params:         2       0       0       0       0       0       0       0       0
      Locals:         0       0       0       0       0       0       0       0       0
      Temps:          4       0       0       0       0       0       0       0       0
      Totals:         6       0       0       0       0       0       0       0       0
Total ram usage:        6 bytes
 Hardware stack levels used:    1
 This function calls:
		Nothing
 This function is called by:
		_xtoa
 This function uses a non-reentrant model


 *************** function _isalpha *****************
 Defined at:
		line 5 in file "C:\Program Files\Microchip\xc8\v2.31\pic\sources\c99\common\isalpha.c"
 Parameters:    Size  Location     Type
  c               2    0[COMRAM] int 
 Auto vars:     Size  Location     Type
		None
 Return value:  Size  Location     Type
                  2    0[COMRAM] int 
 Registers used:
		wreg, status,2, status,0
 Tracked objects:
		On entry : 
		On exit  : 
		Unchanged: 
 Data sizes:     COMRAM   BANK0   BANK1   BANK2   BANK3   BANK4   BANK5   BANK6   BANK7
      Params:         2       0       0       0       0       0       0       0       0
      Locals:         0       0       0       0       0       0       0       0       0
      Temps:          4       0       0       0       0       0       0       0       0
      Totals:         6       0       0       0       0       0       0       0       0
Total ram usage:        6 bytes
 Hardware stack levels used:    1
 This function calls:
		Nothing
 This function is called by:
		_xtoa
 This function uses a non-reentrant model


 *************** function _protocoloProtocoloDia *****************
 Defined at:
		line 478 in file "Controler.c"
 Parameters:    Size  Location     Type
		None
 Auto vars:     Size  Location     Type
		None
 Return value:  Size  Location     Type
                  1    wreg      void 
 Registers used:
		wreg, status,2, status,0, tblptrl, tblptrh, tblptru, cstack
 Tracked objects:
		On entry : 
		On exit  : 
		Unchanged: 
 Data sizes:     COMRAM   BANK0   BANK1   BANK2   BANK3   BANK4   BANK5   BANK6   BANK7
      Params:         0       0       0       0       0       0       0       0       0
      Locals:         0       0       0       0       0       0       0       0       0
      Temps:          0       0       0       0       0       0       0       0       0
      Totals:         0       0       0       0       0       0       0       0       0
Total ram usage:        0 bytes
 Hardware stack levels used:    1
 Hardware stack levels required when called:    4
 This function calls:
		_LCD_String_xy
 This function is called by:
		_main
 This function uses a non-reentrant model


 *************** function _protocoloNoche *****************
 Defined at:
		line 519 in file "Controler.c"
 Parameters:    Size  Location     Type
		None
 Auto vars:     Size  Location     Type
  i               2   15[COMRAM] int 
  buffer_TX       1   14[COMRAM] unsigned char [1]
  buffer_TX       1   13[COMRAM] unsigned char [1]
 Return value:  Size  Location     Type
                  1    wreg      void 
 Registers used:
		wreg, fsr2l, fsr2h, status,2, status,0, tblptrl, tblptrh, tblptru, cstack
 Tracked objects:
		On entry : 
		On exit  : 
		Unchanged: 
 Data sizes:     COMRAM   BANK0   BANK1   BANK2   BANK3   BANK4   BANK5   BANK6   BANK7
      Params:         0       0       0       0       0       0       0       0       0
      Locals:         4       0       0       0       0       0       0       0       0
      Temps:          0       0       0       0       0       0       0       0       0
      Totals:         4       0       0       0       0       0       0       0       0
Total ram usage:        4 bytes
 Hardware stack levels used:    1
 Hardware stack levels required when called:    4
 This function calls:
		_LCD_String_xy
 This function is called by:
		_main
 This function uses a non-reentrant model


 *************** function _protocoloFDS *****************
 Defined at:
		line 416 in file "Controler.c"
 Parameters:    Size  Location     Type
		None
 Auto vars:     Size  Location     Type
  i               2   15[COMRAM] int 
  buffer_TX       1   14[COMRAM] unsigned char [1]
  buffer_TX       1   13[COMRAM] unsigned char [1]
 Return value:  Size  Location     Type
                  1    wreg      void 
 Registers used:
		wreg, fsr2l, fsr2h, status,2, status,0, tblptrl, tblptrh, tblptru, cstack
 Tracked objects:
		On entry : 
		On exit  : 
		Unchanged: 
 Data sizes:     COMRAM   BANK0   BANK1   BANK2   BANK3   BANK4   BANK5   BANK6   BANK7
      Params:         0       0       0       0       0       0       0       0       0
      Locals:         4       0       0       0       0       0       0       0       0
      Temps:          0       0       0       0       0       0       0       0       0
      Totals:         4       0       0       0       0       0       0       0       0
Total ram usage:        4 bytes
 Hardware stack levels used:    1
 Hardware stack levels required when called:    4
 This function calls:
		_LCD_String_xy
 This function is called by:
		_main
 This function uses a non-reentrant model


 *************** function _desactivarAlarm *****************
 Defined at:
		line 272 in file "Controler.c"
 Parameters:    Size  Location     Type
		None
 Auto vars:     Size  Location     Type
		None
 Return value:  Size  Location     Type
                  1    wreg      void 
 Registers used:
		wreg, status,2, status,0, tblptrl, tblptrh, tblptru, cstack
 Tracked objects:
		On entry : 
		On exit  : 
		Unchanged: 
 Data sizes:     COMRAM   BANK0   BANK1   BANK2   BANK3   BANK4   BANK5   BANK6   BANK7
      Params:         0       0       0       0       0       0       0       0       0
      Locals:         0       0       0       0       0       0       0       0       0
      Temps:          0       0       0       0       0       0       0       0       0
      Totals:         0       0       0       0       0       0       0       0       0
Total ram usage:        0 bytes
 Hardware stack levels used:    1
 Hardware stack levels required when called:    4
 This function calls:
		_LCD_Clear
		_LCD_String_xy
		_MSdelay
 This function is called by:
		_main
 This function uses a non-reentrant model


 *************** function _RTC_Read_Clock *****************
 Defined at:
		line 89 in file "Controler.c"
 Parameters:    Size  Location     Type
  read_clock_a    1    wreg     unsigned char 
 Auto vars:     Size  Location     Type
  read_clock_a    1    3[COMRAM] unsigned char 
 Return value:  Size  Location     Type
                  1    wreg      void 
 Registers used:
		wreg, status,2, status,0, cstack
 Tracked objects:
		On entry : 
		On exit  : 
		Unchanged: 
 Data sizes:     COMRAM   BANK0   BANK1   BANK2   BANK3   BANK4   BANK5   BANK6   BANK7
      Params:         0       0       0       0       0       0       0       0       0
      Locals:         1       0       0       0       0       0       0       0       0
      Temps:          1       0       0       0       0       0       0       0       0
      Totals:         2       0       0       0       0       0       0       0       0
Total ram usage:        2 bytes
 Hardware stack levels used:    1
 Hardware stack levels required when called:    3
 This function calls:
		_I2C_Read
		_I2C_Repeated_Start
		_I2C_Start
		_I2C_Write
 This function is called by:
		_main
 This function uses a non-reentrant model


 *************** function _RTC_Read_Calendar *****************
 Defined at:
		line 100 in file "Controler.c"
 Parameters:    Size  Location     Type
  read_calenda    1    wreg     unsigned char 
 Auto vars:     Size  Location     Type
  read_calenda    1    3[COMRAM] unsigned char 
 Return value:  Size  Location     Type
                  1    wreg      void 
 Registers used:
		wreg, status,2, status,0, cstack
 Tracked objects:
		On entry : 
		On exit  : 
		Unchanged: 
 Data sizes:     COMRAM   BANK0   BANK1   BANK2   BANK3   BANK4   BANK5   BANK6   BANK7
      Params:         0       0       0       0       0       0       0       0       0
      Locals:         1       0       0       0       0       0       0       0       0
      Temps:          1       0       0       0       0       0       0       0       0
      Totals:         2       0       0       0       0       0       0       0       0
Total ram usage:        2 bytes
 Hardware stack levels used:    1
 Hardware stack levels required when called:    3
 This function calls:
		_I2C_Read
		_I2C_Repeated_Start
		_I2C_Start
		_I2C_Stop
		_I2C_Write
 This function is called by:
		_main
 This function uses a non-reentrant model


 *************** function _I2C_Stop *****************
 Defined at:
		line 114 in file "./I2C_Master_File_1.h"
 Parameters:    Size  Location     Type
		None
 Auto vars:     Size  Location     Type
		None
 Return value:  Size  Location     Type
                  1    wreg      unsigned char 
 Registers used:
		wreg
 Tracked objects:
		On entry : 
		On exit  : 
		Unchanged: 
 Data sizes:     COMRAM   BANK0   BANK1   BANK2   BANK3   BANK4   BANK5   BANK6   BANK7
      Params:         0       0       0       0       0       0       0       0       0
      Locals:         0       0       0       0       0       0       0       0       0
      Temps:          0       0       0       0       0       0       0       0       0
      Totals:         0       0       0       0       0       0       0       0       0
Total ram usage:        0 bytes
 Hardware stack levels used:    1
 This function calls:
		Nothing
 This function is called by:
		_RTC_Read_Calendar
		_main
		_I2C_Start_Wait
 This function uses a non-reentrant model


 *************** function _I2C_Start *****************
 Defined at:
		line 89 in file "./I2C_Master_File_1.h"
 Parameters:    Size  Location     Type
  slave_write_    1    wreg     unsigned char 
 Auto vars:     Size  Location     Type
  slave_write_    1    1[COMRAM] unsigned char 
 Return value:  Size  Location     Type
                  1    wreg      unsigned char 
 Registers used:
		wreg, status,2, cstack
 Tracked objects:
		On entry : 
		On exit  : 
		Unchanged: 
 Data sizes:     COMRAM   BANK0   BANK1   BANK2   BANK3   BANK4   BANK5   BANK6   BANK7
      Params:         0       0       0       0       0       0       0       0       0
      Locals:         1       0       0       0       0       0       0       0       0
      Temps:          0       0       0       0       0       0       0       0       0
      Totals:         1       0       0       0       0       0       0       0       0
Total ram usage:        1 bytes
 Hardware stack levels used:    1
 Hardware stack levels required when called:    2
 This function calls:
		_I2C_Write
 This function is called by:
		_RTC_Read_Clock
		_RTC_Read_Calendar
 This function uses a non-reentrant model


 *************** function _I2C_Repeated_Start *****************
 Defined at:
		line 100 in file "./I2C_Master_File_1.h"
 Parameters:    Size  Location     Type
  slave_read_a    1    wreg     unsigned char 
 Auto vars:     Size  Location     Type
  slave_read_a    1    1[COMRAM] unsigned char 
 Return value:  Size  Location     Type
                  1    wreg      unsigned char 
 Registers used:
		wreg, status,2, cstack
 Tracked objects:
		On entry : 
		On exit  : 
		Unchanged: 
 Data sizes:     COMRAM   BANK0   BANK1   BANK2   BANK3   BANK4   BANK5   BANK6   BANK7
      Params:         0       0       0       0       0       0       0       0       0
      Locals:         1       0       0       0       0       0       0       0       0
      Temps:          0       0       0       0       0       0       0       0       0
      Totals:         1       0       0       0       0       0       0       0       0
Total ram usage:        1 bytes
 Hardware stack levels used:    1
 Hardware stack levels required when called:    2
 This function calls:
		_I2C_Write
 This function is called by:
		_RTC_Read_Clock
		_RTC_Read_Calendar
 This function uses a non-reentrant model


 *************** function _I2C_Write *****************
 Defined at:
		line 122 in file "./I2C_Master_File_1.h"
 Parameters:    Size  Location     Type
  data            1    wreg     unsigned char 
 Auto vars:     Size  Location     Type
  data            1    0[COMRAM] unsigned char 
 Return value:  Size  Location     Type
                  1    wreg      unsigned char 
 Registers used:
		wreg, cstack
 Tracked objects:
		On entry : 
		On exit  : 
		Unchanged: 
 Data sizes:     COMRAM   BANK0   BANK1   BANK2   BANK3   BANK4   BANK5   BANK6   BANK7
      Params:         0       0       0       0       0       0       0       0       0
      Locals:         1       0       0       0       0       0       0       0       0
      Temps:          0       0       0       0       0       0       0       0       0
      Totals:         1       0       0       0       0       0       0       0       0
Total ram usage:        1 bytes
 Hardware stack levels used:    1
 Hardware stack levels required when called:    1
 This function calls:
		_I2C_Ready
 This function is called by:
		_I2C_Start
		_I2C_Repeated_Start
		_RTC_Read_Clock
		_RTC_Read_Calendar
		_I2C_Start_Wait
 This function uses a non-reentrant model


 *************** function _I2C_Read *****************
 Defined at:
		line 33 in file "./I2C_Master_File_1.h"
 Parameters:    Size  Location     Type
  flag            1    wreg     unsigned char 
 Auto vars:     Size  Location     Type
  flag            1    0[COMRAM] unsigned char 
  buffer          1    1[COMRAM] unsigned char 
[...]
 Defined at:
		line 64 in file "./I2C_Master_File_1.h"
 Parameters:    Size  Location     Type
		None
 Auto vars:     Size  Location     Type
		None
 Return value:  Size  Location     Type
                  1    wreg      void 
 Registers used:
		None
 Tracked objects:
		On entry : 
		On exit  : 
		Unchanged: 
 Data sizes:     COMRAM   BANK0   BANK1   BANK2   BANK3   BANK4   BANK5   BANK6   BANK7
      Params:         0       0       0       0       0       0       0       0       0
      Locals:         0       0       0       0       0       0       0       0       0
      Temps:          0       0       0       0       0       0       0       0       0
      Totals:         0       0       0       0       0       0       0       0       0
Total ram usage:        0 bytes
 Hardware stack levels used:    1
 This function calls:
		Nothing
 This function is called by:
		_I2C_Read
		_I2C_Write
 This function uses a non-reentrant model


 *************** function _I2C_Nack *****************
 Defined at:
		line 139 in file "./I2C_Master_File_1.h"
 Parameters:    Size  Location     Type
		None
 Auto vars:     Size  Location     Type
		None
 Return value:  Size  Location     Type
                  1    wreg      void 
 Registers used:
		None
 Tracked objects:
		On entry : 
		On exit  : 
		Unchanged: 
 Data sizes:     COMRAM   BANK0   BANK1   BANK2   BANK3   BANK4   BANK5   BANK6   BANK7
      Params:         0       0       0       0       0       0       0       0       0
      Locals:         0       0       0       0       0       0       0       0       0
      Temps:          0       0       0       0       0       0       0       0       0
      Totals:         0       0       0       0       0       0       0       0       0
Total ram usage:        0 bytes
 Hardware stack levels used:    1
 This function calls:
		Nothing
 This function is called by:
		_I2C_Read
 This function uses a non-reentrant model


 *************** function _I2C_Ack *****************
 Defined at:
		line 132 in file "./I2C_Master_File_1.h"
 Parameters:    Size  Location     Type
		None
 Auto vars:     Size  Location     Type
		None
 Return value:  Size  Location     Type
                  1    wreg      void 
 Registers used:
		None
 Tracked objects:
		On entry : 
		On exit  : 
		Unchanged: 
 Data sizes:     COMRAM   BANK0   BANK1   BANK2   BANK3   BANK4   BANK5   BANK6   BANK7
      Params:         0       0       0       0       0       0       0       0       0
      Locals:         0       0       0       0       0       0       0       0       0
      Temps:          0       0       0       0       0       0       0       0       0
      Totals:         0       0       0       0       0       0       0       0       0
Total ram usage:        0 bytes
 Hardware stack levels used:    1
 This function calls:
		Nothing
 This function is called by:
		_I2C_Read
 This function uses a non-reentrant model


 *************** function _LCD_Init *****************
 Defined at:
		line 5 in file "LCD_20x4.c"
 Parameters:    Size  Location     Type
		None
 Auto vars:     Size  Location     Type
		None
 Return value:  Size  Location     Type
                  1    wreg      void 
 Registers used:
		wreg, status,2, status,0, cstack
 Tracked objects:
		On entry : 
		On exit  : 
		Unchanged: 
 Data sizes:     COMRAM   BANK0   BANK1   BANK2   BANK3   BANK4   BANK5   BANK6   BANK7
      Params:         0       0       0       0       0       0       0       0       0
      Locals:         0       0       0       0       0       0       0       0       0
      Temps:          0       0       0       0       0       0       0       0       0
      Totals:         0       0       0       0       0       0       0       0       0
Total ram usage:        0 bytes
 Hardware stack levels used:    1
 Hardware stack levels required when called:    2
 This function calls:
		_LCD_Command
		_MSdelay
 This function is called by:
		_main
 This function uses a non-reentrant model


 *************** function _I2C_Init *****************
 Defined at:
		line 50 in file "./I2C_Master_File_1.h"
 Parameters:    Size  Location     Type
		None
 Auto vars:     Size  Location     Type
		None
 Return value:  Size  Location     Type
                  1    wreg      void 
 Registers used:
		wreg, status,2
 Tracked objects:
		On entry : 
		On exit  : 
		Unchanged: 
 Data sizes:     COMRAM   BANK0   BANK1   BANK2   BANK3   BANK4   BANK5   BANK6   BANK7
      Params:         0       0       0       0       0       0       0       0       0
      Locals:         0       0       0       0       0       0       0       0       0
      Temps:          0       0       0       0       0       0       0       0       0
      Totals:         0       0       0       0       0       0       0       0       0
Total ram usage:        0 bytes
 Hardware stack levels used:    1
 This function calls:
		Nothing
 This function is called by:
		_main
 This function uses a non-reentrant model


 *************** function _ActivateAlarm *****************
 Defined at:
		line 282 in file "Controler.c"
 Parameters:    Size  Location     Type
		None
 Auto vars:     Size  Location     Type
		None
 Return value:  Size  Location     Type
                  1    wreg      void 
 Registers used:
		wreg, status,2, status,0, tblptrl, tblptrh, tblptru, cstack
 Tracked objects:
		On entry : 
		On exit  : 
		Unchanged: 
 Data sizes:     COMRAM   BANK0   BANK1   BANK2   BANK3   BANK4   BANK5   BANK6   BANK7
      Params:         0       0       0       0       0       0       0       0       0
      Locals:         0       0       0       0       0       0       0       0       0
      Temps:          0       0       0       0       0       0       0       0       0
      Totals:         0       0       0       0       0       0       0       0       0
Total ram usage:        0 bytes
 Hardware stack levels used:    1
 Hardware stack levels required when called:    4
 This function calls:
		_LCD_Clear
		_LCD_String_xy
		_MSdelay
 This function is called by:
		_main
 This function uses a non-reentrant model


 *************** function _LCD_String_xy *****************
 Defined at:
		line 60 in file "LCD_20x4.c"
 Parameters:    Size  Location     Type
  row             1    wreg     unsigned char 
  pos             1    9[COMRAM] unsigned char 
  str             2   10[COMRAM] PTR const unsigned char 
		 -> STR_52(4), STR_51(4), STR_50(5), STR_49(4), 
		 -> STR_48(4), STR_47(5), STR_46(4), STR_45(4), 
		 -> STR_44(5), STR_43(4), STR_42(4), STR_41(5), 
		 -> STR_40(4), STR_39(4), STR_38(5), STR_37(4), 
		 -> STR_36(4), STR_35(5), STR_34(4), STR_33(4), 
		 -> STR_32(5), STR_31(4), STR_30(4), STR_29(5), 
		 -> STR_28(4), STR_27(4), STR_26(5), STR_25(4), 
		 -> STR_24(4), STR_23(5), STR_22(4), STR_21(4), 
		 -> STR_20(5), STR_19(4), STR_18(4), STR_17(5), 
		 -> STR_16(4), STR_15(4), STR_14(5), STR_13(4), 
		 -> STR_12(4), STR_11(5), STR_10(4), STR_9(4), 
		 -> STR_8(5), STR_7(3), STR_6(8), STR_5(16), 
		 -> STR_4(19), 
 Auto vars:     Size  Location     Type
  row             1   12[COMRAM] unsigned char 
 Return value:  Size  Location     Type
                  1    wreg      void 
 Registers used:
		wreg, status,2, status,0, tblptrl, tblptrh, tblptru, cstack
 Tracked objects:
		On entry : 
		On exit  : 
		Unchanged: 
 Data sizes:     COMRAM   BANK0   BANK1   BANK2   BANK3   BANK4   BANK5   BANK6   BANK7
      Params:         3       0       0       0       0       0       0       0       0
      Locals:         1       0       0       0       0       0       0       0       0
      Temps:          0       0       0       0       0       0       0       0       0
      Totals:         4       0       0       0       0       0       0       0       0
Total ram usage:        4 bytes
 Hardware stack levels used:    1
 Hardware stack levels required when called:    3
 This function calls:
		_LCD_Command
		_LCD_String
 This function is called by:
		_desactivarAlarm
		_ActivateAlarm
		_protocoloFDS
		_protocoloProtocoloDia
		_protocoloNoche
		_SensorMovimiento
		_protocoloEmergencia
 This function uses a non-reentrant model


 *************** function _LCD_String *****************
 Defined at:
		line 50 in file "LCD_20x4.c"
 Parameters:    Size  Location     Type
  msg             2    7[COMRAM] PTR const unsigned char 
		 -> STR_52(4), STR_51(4), STR_50(5), STR_49(4), 
		 -> STR_48(4), STR_47(5), STR_46(4), STR_45(4), 
		 -> STR_44(5), STR_43(4), STR_42(4), STR_41(5), 
		 -> STR_40(4), STR_39(4), STR_38(5), STR_37(4), 
		 -> STR_36(4), STR_35(5), STR_34(4), STR_33(4), 
		 -> STR_32(5), STR_31(4), STR_30(4), STR_29(5), 
		 -> STR_28(4), STR_27(4), STR_26(5), STR_25(4), 
		 -> STR_24(4), STR_23(5), STR_22(4), STR_21(4), 
		 -> STR_20(5), STR_19(4), STR_18(4), STR_17(5), 
		 -> STR_16(4), STR_15(4), STR_14(5), STR_13(4), 
		 -> STR_12(4), STR_11(5), STR_10(4), STR_9(4), 
		 -> STR_8(5), STR_7(3), STR_6(8), STR_5(16), 
		 -> STR_4(19), 
 Auto vars:     Size  Location     Type
		None
 Return value:  Size  Location     Type
                  1    wreg      void 
 Registers used:
		wreg, status,2, status,0, tblptrl, tblptrh, tblptru, cstack
 Tracked objects:
		On entry : 
		On exit  : 
		Unchanged: 
 Data sizes:     COMRAM   BANK0   BANK1   BANK2   BANK3   BANK4   BANK5   BANK6   BANK7
      Params:         2       0       0       0       0       0       0       0       0
      Locals:         0       0       0       0       0       0       0       0       0
      Temps:          0       0       0       0       0       0       0       0       0
      Totals:         2       0       0       0       0       0       0       0       0
Total ram usage:        2 bytes
 Hardware stack levels used:    1
 Hardware stack levels required when called:    2
 This function calls:
		_LCD_Char
 This function is called by:
		_LCD_String_xy
 This function uses a non-reentrant model


 *************** function _LCD_Char *****************
 Defined at:
		line 38 in file "LCD_20x4.c"
 Parameters:    Size  Location     Type
  char_data       1    wreg     unsigned char 
 Auto vars:     Size  Location     Type
  char_data       1    6[COMRAM] unsigned char 
 Return value:  Size  Location     Type
                  1    wreg      void 
 Registers used:
		wreg, status,2, status,0, cstack
 Tracked objects:
		On entry : 
		On exit  : 
		Unchanged: 
 Data sizes:     COMRAM   BANK0   BANK1   BANK2   BANK3   BANK4   BANK5   BANK6   BANK7
      Params:         0       0       0       0       0       0       0       0       0
      Locals:         1       0       0       0       0       0       0       0       0
      Temps:          0       0       0       0       0       0       0       0       0
      Totals:         1       0       0       0       0       0       0       0       0
Total ram usage:        1 bytes
 Hardware stack levels used:    1
 Hardware stack levels required when called:    1
 This function calls:
		_MSdelay
 This function is called by:
		_LCD_String
		_LCD_Custom_Char
 This function uses a non-reentrant model


 *************** function _LCD_Clear *****************
 Defined at:
		line 19 in file "LCD_20x4.c"
 Parameters:    Size  Location     Type
		None
 Auto vars:     Size  Location     Type
		None
 Return value:  Size  Location     Type
                  1    wreg      void 
 Registers used:
		wreg, status,2, status,0, cstack
 Tracked objects:
		On entry : 
		On exit  : 
		Unchanged: 
 Data sizes:     COMRAM   BANK0   BANK1   BANK2   BANK3   BANK4   BANK5   BANK6   BANK7
      Params:         0       0       0       0       0       0       0       0       0
      Locals:         0       0       0       0       0       0       0       0       0
      Temps:          0       0       0       0       0       0       0       0       0
      Totals:         0       0       0       0       0       0       0       0       0
Total ram usage:        0 bytes
 Hardware stack levels used:    1
 Hardware stack levels required when called:    2
 This function calls:
		_LCD_Command
		_MSdelay
 This function is called by:
		_main
		_desactivarAlarm
		_ActivateAlarm
 This function uses a non-reentrant model


 *************** function _LCD_Command *****************
 Defined at:
		line 27 in file "LCD_20x4.c"
 Parameters:    Size  Location     Type
  cmd             1    wreg     unsigned char 
 Auto vars:     Size  Location     Type
  cmd             1    6[COMRAM] unsigned char 
 Return value:  Size  Location     Type
                  1    wreg      void 
 Registers used:
		wreg, status,2, status,0, cstack
 Tracked objects:
		On entry : 
		On exit  : 
		Unchanged: 
 Data sizes:     COMRAM   BANK0   BANK1   BANK2   BANK3   BANK4   BANK5   BANK6   BANK7
      Params:         0       0       0       0       0       0       0       0       0
      Locals:         1       0       0       0       0       0       0       0       0
      Temps:          0       0       0       0       0       0       0       0       0
      Totals:         1       0       0       0       0       0       0       0       0
Total ram usage:        1 bytes
 Hardware stack levels used:    1
 Hardware stack levels required when called:    1
 This function calls:
		_MSdelay
 This function is called by:
		_LCD_Init
		_LCD_Clear
		_LCD_String_xy
		_LCD_Custom_Char
 This function uses a non-reentrant model


 *************** function _MSdelay *****************
 Defined at:
		line 86 in file "LCD_20x4.c"
 Parameters:    Size  Location     Type
  val             2    0[COMRAM] unsigned int 
 Auto vars:     Size  Location     Type
  j               2    4[COMRAM] unsigned int 
  i               2    2[COMRAM] unsigned int 
 Return value:  Size  Location     Type
                  1    wreg      void 
 Registers used:
		wreg, status,2, status,0
 Tracked objects:
		On entry : 
		On exit  : 
		Unchanged: 
 Data sizes:     COMRAM   BANK0   BANK1   BANK2   BANK3   BANK4   BANK5   BANK6   BANK7
      Params:         2       0       0       0       0       0       0       0       0
      Locals:         4       0       0       0       0       0       0       0       0
      Temps:          0       0       0       0       0       0       0       0       0
      Totals:         6       0       0       0       0       0       0       0       0
Total ram usage:        6 bytes
 Hardware stack levels used:    1
 This function calls:
		Nothing
 This function is called by:
		_LCD_Init
		_LCD_Clear
		_LCD_Command
		_LCD_Char
		_main
		_desactivarAlarm
		_ActivateAlarm
 This function uses a non-reentrant model


 *************** function _ADC_Init *****************
 Defined at:
		line 5 in file "PIC18F4550_ADC_Source_File.c"
 Parameters:    Size  Location     Type
		None
 Auto vars:     Size  Location     Type
		None
 Return value:  Size  Location     Type
                  1    wreg      void 
 Registers used:
		wreg, status,2
 Tracked objects:
		On entry : 
		On exit  : 
		Unchanged: 
 Data sizes:     COMRAM   BANK0   BANK1   BANK2   BANK3   BANK4   BANK5   BANK6   BANK7
      Params:         0       0       0       0       0       0       0       0       0
      Locals:         0       0       0       0       0       0       0       0       0
      Temps:          0       0       0       0       0       0       0       0       0
      Totals:         0       0       0       0       0       0       0       0       0
Total ram usage:        0 bytes
 Hardware stack levels used:    1
 This function calls:
		Nothing
 This function is called by:
		_main
 This function uses a non-reentrant model



MODULE INFORMATION

Module		Function		Class		Link	Load	Size
C:\Program Files\Microchip\xc8\v2.31\pic\sources\c99\common\putch.c
		_putch         		CODE           	1C0E	0000	2

C:\Program Files\Microchip\xc8\v2.31\pic\sources\c99\common\putch.c estimated size: 2

C:\Program Files\Microchip\xc8\v2.31\pic\sources\c99\common\nf_fputs.c
		_fputs         		CODE           	187C	0000	68

C:\Program Files\Microchip\xc8\v2.31\pic\sources\c99\common\nf_fputs.c estimated size: 68

C:\Program Files\Microchip\xc8\v2.31\pic\sources\c99\common\strlen.c
		_strlen        		CODE           	19E6	0000	54

C:\Program Files\Microchip\xc8\v2.31\pic\sources\c99\common\strlen.c estimated size: 54

LCD_20x4.c
		_LCD_String    		CODE           	1A1C	0000	54
		_LCD_Init      		CODE           	18C0	0000	64
		_LCD_Command   		CODE           	1B48	0000	28
		_LCD_String_xy 		CODE           	1548	0000	142
		_LCD_Char      		CODE           	1B2C	0000	28
		_LCD_Clear     		CODE           	1BE8	0000	20
		_MSdelay       		CODE           	17A4	0000	74

LCD_20x4.c estimated size: 410

C:\Program Files\Microchip\xc8\v2.31\pic\sources\c99\common\isupper.c
		_isupper       		CODE           	19AE	0000	56

C:\Program Files\Microchip\xc8\v2.31\pic\sources\c99\common\isupper.c estimated size: 56

C:\Program Files\Microchip\xc8\v2.31\pic\sources\c99\common\nf_fputc.c
		_fputc         		CODE           	13B8	0000	202

C:\Program Files\Microchip\xc8\v2.31\pic\sources\c99\common\nf_fputc.c estimated size: 202

shared
		__initialization		CODE           	15D6	0000	88

shared estimated size: 88

C:\Program Files\Microchip\xc8\v2.31\pic\sources\c99\common\islower.c
		_islower       		CODE           	1976	0000	56

C:\Program Files\Microchip\xc8\v2.31\pic\sources\c99\common\islower.c estimated size: 56

./I2C_Master_File_1.h
		_I2C_Write     		CODE           	1B0A	0000	34
		_I2C_Stop      		CODE           	1BAC	0000	20
		_I2C_Read      		CODE           	193C	0000	58
		_I2C_Ready     		CODE           	1BFC	0000	18
		_I2C_Init      		CODE           	1B64	0000	26
		_I2C_Repeated_Start		CODE           	1AB0	0000	46
		_I2C_Ack       		CODE           	1BD4	0000	20
		_I2C_Nack      		CODE           	1BC0	0000	20
		_I2C_Start     		CODE           	1A82	0000	46

./I2C_Master_File_1.h estimated size: 288

Controler.c
		_protocoloFDS  		CODE           	113A	0000	384
		_protocoloNoche		CODE           	0FBA	0000	384
		_main          		CODE           	0B2C	0000	702
		_protocoloProtocoloDia		CODE           	12BA	0000	254
		_desactivarAlarm		CODE           	1ADE	0000	44
		_ActivateAlarm 		CODE           	17EE	0000	72
		_RTC_Read_Clock		CODE           	1836	0000	70
		_RTC_Read_Calendar		CODE           	16F8	0000	90

Controler.c estimated size: 2000

C:\Program Files\Microchip\xc8\v2.31\pic\sources\c99\common\doprnt.c
		_vfpfcnvrt     		CODE           	0DEA	0000	464
		_pad           		CODE           	1482	0000	198
		_vfprintf      		CODE           	1638	0000	98
		_xtoa          		CODE           	0852	0000	730

C:\Program Files\Microchip\xc8\v2.31\pic\sources\c99\common\doprnt.c estimated size: 1490

C:\Program Files\Microchip\xc8\v2.31\pic\sources\c99\common\nf_sprintf.c
		_sprintf       		CODE           	1752	0000	82

C:\Program Files\Microchip\xc8\v2.31\pic\sources\c99\common\nf_sprintf.c estimated size: 82

C:\Program Files\Microchip\xc8\v2.31\pic\sources\c99\common\toupper.c
		_toupper       		CODE           	169A	0000	94

C:\Program Files\Microchip\xc8\v2.31\pic\sources\c99\common\toupper.c estimated size: 94

C:\Program Files\Microchip\xc8\v2.31\pic\sources\c99\common\isalpha.c
		_isalpha       		CODE           	1900	0000	60

C:\Program Files\Microchip\xc8\v2.31\pic\sources\c99\common\isalpha.c estimated size: 60

PIC18F4550_ADC_Source_File.c
		_ADC_Init      		CODE           	1B7E	0000	24

PIC18F4550_ADC_Source_File.c estimated size: 24

